\BOOKMARK [1][-]{section*.1}{\376\377\000R\000e\000s\000u\000m\000e\000n}{}% 1
\BOOKMARK [1][-]{section.1}{\376\377\0001\000\040\000I\000n\000t\000r\000o\000d\000u\000c\000c\000i\000\363\000n}{}% 2
\BOOKMARK [1][-]{section.2}{\376\377\0002\000\040\000M\000a\000r\000c\000o\000\040\000t\000e\000\363\000r\000i\000c\000o}{}% 3
\BOOKMARK [2][-]{subsection.2.1}{\376\377\0002\000.\0001\000\040\000S\000i\000s\000t\000e\000m\000a\000s\000\040\000d\000e\000\040\000G\000e\000s\000t\000i\000\363\000n\000\040\000d\000e\000\040\000H\000o\000r\000a\000r\000i\000o\000s\000\040\000A\000c\000a\000d\000\351\000m\000i\000c\000o\000s}{section.2}% 4
\BOOKMARK [2][-]{subsection.2.2}{\376\377\0002\000.\0002\000\040\000A\000r\000q\000u\000i\000t\000e\000c\000t\000u\000r\000a\000s\000\040\000d\000e\000\040\000S\000o\000f\000t\000w\000a\000r\000e\000:\000\040\000M\000o\000n\000o\000l\000i\000t\000o\000\040\000v\000s\000\040\000M\000i\000c\000r\000o\000s\000e\000r\000v\000i\000c\000i\000o\000s}{section.2}% 5
\BOOKMARK [2][-]{subsection.2.3}{\376\377\0002\000.\0003\000\040\000T\000e\000c\000n\000o\000l\000o\000g\000\355\000a\000s\000\040\000F\000r\000o\000n\000t\000e\000n\000d\000:\000\040\000N\000e\000x\000t\000.\000j\000s\000\040\000y\000\040\000T\000a\000i\000l\000w\000i\000n\000d\000\040\000C\000S\000S}{section.2}% 6
\BOOKMARK [2][-]{subsection.2.4}{\376\377\0002\000.\0004\000\040\000T\000e\000c\000n\000o\000l\000o\000g\000\355\000a\000s\000\040\000B\000a\000c\000k\000e\000n\000d\000\040\000y\000\040\000C\000o\000m\000u\000n\000i\000c\000a\000c\000i\000\363\000n\000:\000\040\000S\000p\000r\000i\000n\000g\000\040\000B\000o\000o\000t\000\040\000y\000\040\000A\000P\000I\000s\000\040\000R\000E\000S\000T}{section.2}% 7
\BOOKMARK [2][-]{subsection.2.5}{\376\377\0002\000.\0005\000\040\000T\000e\000c\000n\000o\000l\000o\000g\000\355\000a\000s\000\040\000M\000\363\000v\000i\000l\000e\000s\000:\000\040\000R\000e\000a\000c\000t\000\040\000N\000a\000t\000i\000v\000e}{section.2}% 8
\BOOKMARK [2][-]{subsection.2.6}{\376\377\0002\000.\0006\000\040\000S\000e\000g\000u\000r\000i\000d\000a\000d\000\040\000y\000\040\000P\000r\000i\000v\000a\000c\000i\000d\000a\000d\000\040\000e\000n\000\040\000S\000i\000s\000t\000e\000m\000a\000s\000\040\000E\000d\000u\000c\000a\000t\000i\000v\000o\000s}{section.2}% 9
\BOOKMARK [2][-]{subsection.2.7}{\376\377\0002\000.\0007\000\040\000A\000n\000\341\000l\000i\000s\000i\000s\000\040\000C\000o\000m\000p\000a\000r\000a\000t\000i\000v\000o\000\040\000d\000e\000\040\000T\000e\000c\000n\000o\000l\000o\000g\000\355\000a\000s\000\040\000S\000e\000l\000e\000c\000c\000i\000o\000n\000a\000d\000a\000s}{section.2}% 10
\BOOKMARK [2][-]{subsection.2.8}{\376\377\0002\000.\0008\000\040\000T\000r\000a\000b\000a\000j\000o\000s\000\040\000R\000e\000l\000a\000c\000i\000o\000n\000a\000d\000o\000s\000\040\000e\000n\000\040\000G\000e\000s\000t\000i\000\363\000n\000\040\000A\000c\000a\000d\000\351\000m\000i\000c\000a}{section.2}% 11
\BOOKMARK [2][-]{subsection.2.9}{\376\377\0002\000.\0009\000\040\000C\000o\000n\000t\000r\000i\000b\000u\000c\000i\000\363\000n\000\040\000d\000e\000\040\000S\000G\000H\000\040\000a\000l\000\040\000E\000s\000t\000a\000d\000o\000\040\000d\000e\000l\000\040\000A\000r\000t\000e}{section.2}% 12
\BOOKMARK [1][-]{section.3}{\376\377\0003\000\040\000M\000\351\000t\000o\000d\000o\000s}{}% 13
\BOOKMARK [2][-]{subsection.3.1}{\376\377\0003\000.\0001\000\040\000E\000n\000f\000o\000q\000u\000e\000\040\000d\000e\000\040\000d\000e\000s\000a\000r\000r\000o\000l\000l\000o}{section.3}% 14
\BOOKMARK [2][-]{subsection.3.2}{\376\377\0003\000.\0002\000\040\000O\000r\000d\000e\000n\000\040\000r\000e\000a\000l\000\040\000d\000e\000\040\000d\000e\000s\000a\000r\000r\000o\000l\000l\000o\000\040\000y\000\040\000a\000c\000t\000i\000v\000i\000d\000a\000d\000e\000s\000\040\000p\000r\000i\000n\000c\000i\000p\000a\000l\000e\000s}{section.3}% 15
\BOOKMARK [1][-]{section.4}{\376\377\0004\000\040\000I\000m\000p\000l\000e\000m\000e\000n\000t\000a\000c\000i\000\363\000n\000\040\000d\000e\000l\000\040\000s\000o\000f\000t\000w\000a\000r\000e}{}% 16
\BOOKMARK [2][-]{subsection.4.1}{\376\377\0004\000.\0001\000\040\000A\000r\000q\000u\000i\000t\000e\000c\000t\000u\000r\000a\000\040\000d\000e\000l\000\040\000s\000i\000s\000t\000e\000m\000a}{section.4}% 17
\BOOKMARK [2][-]{subsection.4.2}{\376\377\0004\000.\0002\000\040\000A\000l\000g\000o\000r\000i\000t\000m\000o\000s\000\040\000d\000e\000\040\000G\000e\000n\000e\000r\000a\000c\000i\000\363\000n\000\040\000d\000e\000\040\000H\000o\000r\000a\000r\000i\000o\000s}{section.4}% 18
\BOOKMARK [2][-]{subsection.4.3}{\376\377\0004\000.\0003\000\040\000P\000r\000\341\000c\000t\000i\000c\000a\000s\000\040\000d\000e\000\040\000D\000e\000s\000a\000r\000r\000o\000l\000l\000o\000\040\000y\000\040\000C\000a\000l\000i\000d\000a\000d}{section.4}% 19
\BOOKMARK [2][-]{subsection.4.4}{\376\377\0004\000.\0004\000\040\000D\000e\000s\000p\000l\000i\000e\000g\000u\000e\000\040\000y\000\040\000C\000o\000n\000t\000e\000n\000e\000d\000o\000r\000i\000z\000a\000c\000i\000\363\000n}{section.4}% 20
\BOOKMARK [2][-]{subsection.4.5}{\376\377\0004\000.\0005\000\040\000C\000o\000m\000p\000a\000r\000a\000c\000i\000\363\000n\000\040\000d\000e\000\040\000t\000e\000c\000n\000o\000l\000o\000g\000\355\000a\000s}{section.4}% 21
\BOOKMARK [2][-]{subsection.4.6}{\376\377\0004\000.\0006\000\040\000P\000a\000t\000r\000o\000n\000e\000s\000\040\000d\000e\000\040\000D\000i\000s\000e\000\361\000o\000\040\000A\000v\000a\000n\000z\000a\000d\000o\000s}{section.4}% 22
\BOOKMARK [1][-]{section.5}{\376\377\0005\000\040\000R\000e\000s\000u\000l\000t\000a\000d\000o\000s}{}% 23
\BOOKMARK [2][-]{subsection.5.1}{\376\377\0005\000.\0001\000\040\000M\000\351\000t\000r\000i\000c\000a\000s\000\040\000d\000e\000\040\000R\000e\000n\000d\000i\000m\000i\000e\000n\000t\000o\000\040\000d\000e\000l\000\040\000S\000i\000s\000t\000e\000m\000a}{section.5}% 24
\BOOKMARK [2][-]{subsection.5.2}{\376\377\0005\000.\0002\000\040\000C\000o\000b\000e\000r\000t\000u\000r\000a\000\040\000F\000u\000n\000c\000i\000o\000n\000a\000l\000\040\000I\000m\000p\000l\000e\000m\000e\000n\000t\000a\000d\000a}{section.5}% 25
\BOOKMARK [2][-]{subsection.5.3}{\376\377\0005\000.\0003\000\040\000E\000v\000a\000l\000u\000a\000c\000i\000\363\000n\000\040\000d\000e\000\040\000C\000a\000l\000i\000d\000a\000d\000\040\000y\000\040\000P\000r\000u\000e\000b\000a\000s}{section.5}% 26
\BOOKMARK [2][-]{subsection.5.4}{\376\377\0005\000.\0004\000\040\000V\000a\000l\000i\000d\000a\000c\000i\000\363\000n\000\040\000c\000o\000n\000\040\000U\000s\000u\000a\000r\000i\000o\000s}{section.5}% 27
\BOOKMARK [2][-]{subsection.5.5}{\376\377\0005\000.\0005\000\040\000I\000m\000p\000a\000c\000t\000o\000\040\000y\000\040\000V\000i\000a\000b\000i\000l\000i\000d\000a\000d\000\040\000T\000\351\000c\000n\000i\000c\000a}{section.5}% 28
\BOOKMARK [1][-]{section.6}{\376\377\0006\000\040\000D\000i\000s\000c\000u\000s\000i\000\363\000n}{}% 29
\BOOKMARK [2][-]{subsection.6.1}{\376\377\0006\000.\0001\000\040\000A\000n\000\341\000l\000i\000s\000i\000s\000\040\000d\000e\000\040\000F\000o\000r\000t\000a\000l\000e\000z\000a\000s\000\040\000T\000\351\000c\000n\000i\000c\000a\000s}{section.6}% 30
\BOOKMARK [2][-]{subsection.6.2}{\376\377\0006\000.\0002\000\040\000L\000i\000m\000i\000t\000a\000c\000i\000o\000n\000e\000s\000\040\000y\000\040\000\301\000r\000e\000a\000s\000\040\000d\000e\000\040\000M\000e\000j\000o\000r\000a}{section.6}% 31
\BOOKMARK [2][-]{subsection.6.3}{\376\377\0006\000.\0003\000\040\000C\000o\000m\000p\000a\000r\000a\000c\000i\000\363\000n\000\040\000c\000o\000n\000\040\000S\000o\000l\000u\000c\000i\000o\000n\000e\000s\000\040\000E\000x\000i\000s\000t\000e\000n\000t\000e\000s}{section.6}% 32
\BOOKMARK [2][-]{subsection.6.4}{\376\377\0006\000.\0004\000\040\000I\000m\000p\000l\000i\000c\000a\000c\000i\000o\000n\000e\000s\000\040\000p\000a\000r\000a\000\040\000l\000a\000\040\000G\000e\000s\000t\000i\000\363\000n\000\040\000A\000c\000a\000d\000\351\000m\000i\000c\000a}{section.6}% 33
\BOOKMARK [2][-]{subsection.6.5}{\376\377\0006\000.\0005\000\040\000C\000o\000n\000s\000i\000d\000e\000r\000a\000c\000i\000o\000n\000e\000s\000\040\000d\000e\000\040\000S\000e\000g\000u\000r\000i\000d\000a\000d\000\040\000y\000\040\000P\000r\000i\000v\000a\000c\000i\000d\000a\000d}{section.6}% 34
\BOOKMARK [2][-]{subsection.6.6}{\376\377\0006\000.\0006\000\040\000C\000o\000n\000t\000r\000i\000b\000u\000c\000i\000o\000n\000e\000s\000\040\000a\000\040\000l\000a\000\040\000L\000i\000t\000e\000r\000a\000t\000u\000r\000a}{section.6}% 35
\BOOKMARK [2][-]{subsection.6.7}{\376\377\0006\000.\0007\000\040\000L\000i\000m\000i\000t\000a\000c\000i\000o\000n\000e\000s\000\040\000d\000e\000l\000\040\000E\000s\000t\000u\000d\000i\000o}{section.6}% 36
\BOOKMARK [2][-]{subsection.6.8}{\376\377\0006\000.\0008\000\040\000I\000m\000p\000l\000i\000c\000a\000c\000i\000o\000n\000e\000s\000\040\000E\000c\000o\000n\000\363\000m\000i\000c\000a\000s\000\040\000y\000\040\000d\000e\000\040\000M\000e\000r\000c\000a\000d\000o}{section.6}% 37
\BOOKMARK [2][-]{subsection.6.9}{\376\377\0006\000.\0009\000\040\000I\000m\000p\000l\000i\000c\000a\000c\000i\000o\000n\000e\000s\000\040\000p\000a\000r\000a\000\040\000P\000o\000l\000\355\000t\000i\000c\000a\000s\000\040\000P\000\372\000b\000l\000i\000c\000a\000s}{section.6}% 38
\BOOKMARK [1][-]{section.7}{\376\377\0007\000\040\000C\000o\000n\000c\000l\000u\000s\000i\000o\000n\000e\000s\000\040\000y\000\040\000t\000r\000a\000b\000a\000j\000o\000\040\000f\000u\000t\000u\000r\000o}{}% 39
\BOOKMARK [2][-]{subsection.7.1}{\376\377\0007\000.\0001\000\040\000L\000o\000g\000r\000o\000s\000\040\000P\000r\000i\000n\000c\000i\000p\000a\000l\000e\000s}{section.7}% 40
\BOOKMARK [2][-]{subsection.7.2}{\376\377\0007\000.\0002\000\040\000L\000e\000c\000c\000i\000o\000n\000e\000s\000\040\000A\000p\000r\000e\000n\000d\000i\000d\000a\000s}{section.7}% 41
\BOOKMARK [2][-]{subsection.7.3}{\376\377\0007\000.\0003\000\040\000L\000i\000m\000i\000t\000a\000c\000i\000o\000n\000e\000s\000\040\000y\000\040\000\301\000r\000e\000a\000s\000\040\000d\000e\000\040\000M\000e\000j\000o\000r\000a}{section.7}% 42
\BOOKMARK [2][-]{subsection.7.4}{\376\377\0007\000.\0004\000\040\000T\000r\000a\000b\000a\000j\000o\000\040\000F\000u\000t\000u\000r\000o}{section.7}% 43
\BOOKMARK [2][-]{subsection.7.5}{\376\377\0007\000.\0005\000\040\000I\000m\000p\000a\000c\000t\000o\000\040\000E\000s\000p\000e\000r\000a\000d\000o\000\040\000y\000\040\000L\000e\000g\000a\000d\000o}{section.7}% 44
\BOOKMARK [2][-]{subsection.7.6}{\376\377\0007\000.\0006\000\040\000R\000e\000c\000o\000m\000e\000n\000d\000a\000c\000i\000o\000n\000e\000s\000\040\000F\000i\000n\000a\000l\000e\000s}{section.7}% 45
\BOOKMARK [2][-]{subsection.7.7}{\376\377\0007\000.\0007\000\040\000L\000e\000c\000c\000i\000o\000n\000e\000s\000\040\000A\000p\000r\000e\000n\000d\000i\000d\000a\000s\000\040\000D\000e\000t\000a\000l\000l\000a\000d\000a\000s}{section.7}% 46
\BOOKMARK [2][-]{subsection.7.8}{\376\377\0007\000.\0008\000\040\000A\000n\000\341\000l\000i\000s\000i\000s\000\040\000d\000e\000\040\000S\000o\000s\000t\000e\000n\000i\000b\000i\000l\000i\000d\000a\000d\000\040\000a\000\040\000L\000a\000r\000g\000o\000\040\000P\000l\000a\000z\000o}{section.7}% 47
\BOOKMARK [1][-]{appendix.Alph1}{\376\377\000A\000\040\000D\000e\000s\000c\000r\000i\000p\000c\000i\000\363\000n\000\040\000d\000e\000t\000a\000l\000l\000a\000d\000a\000\040\000d\000e\000\040\000c\000o\000m\000p\000o\000n\000e\000n\000t\000e\000s\000\040\000d\000e\000l\000\040\000s\000i\000s\000t\000e\000m\000a\000\040\000S\000G\000H}{}% 48
\BOOKMARK [2][-]{subsection.Alph1.1}{\376\377\000A\000.\0001\000\040\000A\000r\000q\000u\000i\000t\000e\000c\000t\000u\000r\000a\000\040\000G\000e\000n\000e\000r\000a\000l\000\040\000d\000e\000l\000\040\000S\000i\000s\000t\000e\000m\000a}{appendix.Alph1}% 49
\BOOKMARK [2][-]{subsection.Alph1.2}{\376\377\000A\000.\0002\000\040\000E\000s\000p\000e\000c\000i\000f\000i\000c\000a\000c\000i\000o\000n\000e\000s\000\040\000T\000\351\000c\000n\000i\000c\000a\000s\000\040\000D\000e\000t\000a\000l\000l\000a\000d\000a\000s}{appendix.Alph1}% 50
\BOOKMARK [2][-]{subsection.Alph1.3}{\376\377\000A\000.\0003\000\040\000E\000j\000e\000m\000p\000l\000o\000s\000\040\000d\000e\000\040\000C\000\363\000d\000i\000g\000o\000\040\000y\000\040\000E\000n\000d\000p\000o\000i\000n\000t\000s}{appendix.Alph1}% 51
\BOOKMARK [2][-]{subsection.Alph1.4}{\376\377\000A\000.\0004\000\040\000D\000i\000a\000g\000r\000a\000m\000a\000s\000\040\000A\000r\000q\000u\000i\000t\000e\000c\000t\000\363\000n\000i\000c\000o\000s}{appendix.Alph1}% 52
\BOOKMARK [2][-]{subsection.Alph1.5}{\376\377\000A\000.\0005\000\040\000G\000u\000\355\000a\000\040\000d\000e\000\040\000D\000e\000s\000p\000l\000i\000e\000g\000u\000e}{appendix.Alph1}% 53
\BOOKMARK [2][-]{subsection.Alph1.6}{\376\377\000A\000.\0006\000\040\000C\000h\000e\000c\000k\000l\000i\000s\000t\000\040\000d\000e\000\040\000R\000e\000p\000r\000o\000d\000u\000c\000i\000b\000i\000l\000i\000d\000a\000d}{appendix.Alph1}% 54
\BOOKMARK [1][-]{appendix.Alph2}{\376\377\000B\000\040\000E\000s\000c\000e\000n\000a\000r\000i\000o\000s\000\040\000d\000e\000\040\000U\000s\000o\000\040\000A\000v\000a\000n\000z\000a\000d\000o\000s}{}% 55
\BOOKMARK [2][-]{subsection.Alph2.1}{\376\377\000B\000.\0001\000\040\000E\000s\000c\000e\000n\000a\000r\000i\000o\000\040\000d\000e\000\040\000R\000e\000c\000u\000p\000e\000r\000a\000c\000i\000\363\000n\000\040\000d\000e\000\040\000D\000e\000s\000a\000s\000t\000r\000e\000s}{appendix.Alph2}% 56
\BOOKMARK [2][-]{subsection.Alph2.2}{\376\377\000B\000.\0002\000\040\000E\000s\000c\000e\000n\000a\000r\000i\000o\000\040\000d\000e\000\040\000C\000a\000r\000g\000a\000\040\000E\000x\000t\000r\000e\000m\000a}{appendix.Alph2}% 57
\BOOKMARK [2][-]{subsection.Alph2.3}{\376\377\000B\000.\0003\000\040\000E\000s\000c\000e\000n\000a\000r\000i\000o\000\040\000d\000e\000\040\000C\000u\000m\000p\000l\000i\000m\000i\000e\000n\000t\000o\000\040\000R\000e\000g\000u\000l\000a\000t\000o\000r\000i\000o}{appendix.Alph2}% 58
\BOOKMARK [1][-]{appendix.Alph3}{\376\377\000C\000\040\000E\000s\000p\000e\000c\000i\000f\000i\000c\000a\000c\000i\000o\000n\000e\000s\000\040\000d\000e\000\040\000C\000a\000l\000i\000d\000a\000d\000\040\000y\000\040\000M\000\351\000t\000r\000i\000c\000a\000s}{}% 59
\BOOKMARK [2][-]{subsection.Alph3.1}{\376\377\000C\000.\0001\000\040\000M\000\351\000t\000r\000i\000c\000a\000s\000\040\000d\000e\000\040\000C\000a\000l\000i\000d\000a\000d\000\040\000d\000e\000\040\000C\000\363\000d\000i\000g\000o}{appendix.Alph3}% 60
\BOOKMARK [2][-]{subsection.Alph3.2}{\376\377\000C\000.\0002\000\040\000M\000\351\000t\000r\000i\000c\000a\000s\000\040\000d\000e\000\040\000P\000e\000r\000f\000o\000r\000m\000a\000n\000c\000e}{appendix.Alph3}% 61
\BOOKMARK [1][-]{appendix.Alph4}{\376\377\000D\000\040\000G\000l\000o\000s\000a\000r\000i\000o\000\040\000d\000e\000\040\000T\000\351\000r\000m\000i\000n\000o\000s}{}% 62
\BOOKMARK [1][-]{appendix.Alph5}{\376\377\000E\000\040\000R\000e\000f\000e\000r\000e\000n\000c\000i\000a\000s\000\040\000A\000d\000i\000c\000i\000o\000n\000a\000l\000e\000s}{}% 63
\BOOKMARK [2][-]{subsection.Alph5.1}{\376\377\000E\000.\0001\000\040\000T\000r\000a\000b\000a\000j\000o\000s\000\040\000R\000e\000l\000a\000c\000i\000o\000n\000a\000d\000o\000s}{appendix.Alph5}% 64
\BOOKMARK [2][-]{subsection.Alph5.2}{\376\377\000E\000.\0002\000\040\000H\000e\000r\000r\000a\000m\000i\000e\000n\000t\000a\000s\000\040\000y\000\040\000T\000e\000c\000n\000o\000l\000o\000g\000\355\000a\000s}{appendix.Alph5}% 65
\BOOKMARK [2][-]{subsection.Alph5.3}{\376\377\000E\000.\0003\000\040\000E\000s\000t\000a\000n\000d\000a\000r\000e\000s\000\040\000y\000\040\000R\000e\000g\000u\000l\000a\000c\000i\000o\000n\000e\000s}{appendix.Alph5}% 66
\BOOKMARK [1][-]{section*.18}{\376\377\000R\000e\000f\000e\000r\000e\000n\000c\000i\000a\000s}{}% 67
