\BOOKMARK [1][-]{section.1}{\376\377\000I\000n\000t\000r\000o\000d\000u\000c\000c\000i\000\363\000n}{}% 1
\BOOKMARK [1][-]{section.2}{\376\377\000M\000a\000r\000c\000o\000\040\000t\000e\000\363\000r\000i\000c\000o}{}% 2
\BOOKMARK [2][-]{subsection.2.1}{\376\377\000S\000i\000s\000t\000e\000m\000a\000s\000\040\000d\000e\000\040\000G\000e\000s\000t\000i\000\363\000n\000\040\000d\000e\000\040\000H\000o\000r\000a\000r\000i\000o\000s\000\040\000A\000c\000a\000d\000\351\000m\000i\000c\000o\000s}{section.2}% 3
\BOOKMARK [2][-]{subsection.2.2}{\376\377\000A\000r\000q\000u\000i\000t\000e\000c\000t\000u\000r\000a\000s\000\040\000d\000e\000\040\000S\000o\000f\000t\000w\000a\000r\000e\000:\000\040\000M\000o\000n\000o\000l\000i\000t\000o\000\040\000v\000s\000\040\000M\000i\000c\000r\000o\000s\000e\000r\000v\000i\000c\000i\000o\000s}{section.2}% 4
\BOOKMARK [2][-]{subsection.2.3}{\376\377\000T\000e\000c\000n\000o\000l\000o\000g\000\355\000a\000s\000\040\000F\000r\000o\000n\000t\000e\000n\000d\000:\000\040\000N\000e\000x\000t\000.\000j\000s\000\040\000y\000\040\000T\000a\000i\000l\000w\000i\000n\000d\000\040\000C\000S\000S}{section.2}% 5
\BOOKMARK [2][-]{subsection.2.4}{\376\377\000T\000e\000c\000n\000o\000l\000o\000g\000\355\000a\000s\000\040\000B\000a\000c\000k\000e\000n\000d\000\040\000y\000\040\000C\000o\000m\000u\000n\000i\000c\000a\000c\000i\000\363\000n\000:\000\040\000S\000p\000r\000i\000n\000g\000\040\000B\000o\000o\000t\000\040\000y\000\040\000A\000P\000I\000s\000\040\000R\000E\000S\000T}{section.2}% 6
\BOOKMARK [2][-]{subsection.2.5}{\376\377\000T\000e\000c\000n\000o\000l\000o\000g\000\355\000a\000s\000\040\000M\000\363\000v\000i\000l\000e\000s\000:\000\040\000R\000e\000a\000c\000t\000\040\000N\000a\000t\000i\000v\000e}{section.2}% 7
\BOOKMARK [2][-]{subsection.2.6}{\376\377\000S\000e\000g\000u\000r\000i\000d\000a\000d\000\040\000y\000\040\000P\000r\000i\000v\000a\000c\000i\000d\000a\000d\000\040\000e\000n\000\040\000S\000i\000s\000t\000e\000m\000a\000s\000\040\000E\000d\000u\000c\000a\000t\000i\000v\000o\000s}{section.2}% 8
\BOOKMARK [2][-]{subsection.2.7}{\376\377\000A\000n\000\341\000l\000i\000s\000i\000s\000\040\000C\000o\000m\000p\000a\000r\000a\000t\000i\000v\000o\000\040\000d\000e\000\040\000T\000e\000c\000n\000o\000l\000o\000g\000\355\000a\000s\000\040\000S\000e\000l\000e\000c\000c\000i\000o\000n\000a\000d\000a\000s}{section.2}% 9
\BOOKMARK [3][-]{subsubsection.2.7.1}{\376\377\000F\000r\000o\000n\000t\000e\000n\000d\000:\000\040\000N\000e\000x\000t\000.\000j\000s\000\040\000v\000s\000\040\000O\000t\000r\000a\000s\000\040\000A\000l\000t\000e\000r\000n\000a\000t\000i\000v\000a\000s}{subsection.2.7}% 10
\BOOKMARK [3][-]{subsubsection.2.7.2}{\376\377\000B\000a\000c\000k\000e\000n\000d\000:\000\040\000S\000p\000r\000i\000n\000g\000\040\000B\000o\000o\000t\000\040\000v\000s\000\040\000O\000t\000r\000a\000s\000\040\000A\000l\000t\000e\000r\000n\000a\000t\000i\000v\000a\000s}{subsection.2.7}% 11
\BOOKMARK [3][-]{subsubsection.2.7.3}{\376\377\000M\000\363\000v\000i\000l\000:\000\040\000R\000e\000a\000c\000t\000\040\000N\000a\000t\000i\000v\000e\000\040\000v\000s\000\040\000D\000e\000s\000a\000r\000r\000o\000l\000l\000o\000\040\000N\000a\000t\000i\000v\000o}{subsection.2.7}% 12
\BOOKMARK [2][-]{subsection.2.8}{\376\377\000T\000r\000a\000b\000a\000j\000o\000s\000\040\000R\000e\000l\000a\000c\000i\000o\000n\000a\000d\000o\000s\000\040\000e\000n\000\040\000G\000e\000s\000t\000i\000\363\000n\000\040\000A\000c\000a\000d\000\351\000m\000i\000c\000a}{section.2}% 13
\BOOKMARK [3][-]{subsubsection.2.8.1}{\376\377\000S\000i\000s\000t\000e\000m\000a\000s\000\040\000d\000e\000\040\000G\000e\000s\000t\000i\000\363\000n\000\040\000d\000e\000\040\000H\000o\000r\000a\000r\000i\000o\000s\000\040\000e\000n\000\040\000L\000a\000t\000i\000n\000o\000a\000m\000\351\000r\000i\000c\000a}{subsection.2.8}% 14
\BOOKMARK [3][-]{subsubsection.2.8.2}{\376\377\000S\000o\000l\000u\000c\000i\000o\000n\000e\000s\000\040\000C\000o\000m\000e\000r\000c\000i\000a\000l\000e\000s\000\040\000I\000n\000t\000e\000r\000n\000a\000c\000i\000o\000n\000a\000l\000e\000s}{subsection.2.8}% 15
\BOOKMARK [3][-]{subsubsection.2.8.3}{\376\377\000A\000v\000a\000n\000c\000e\000s\000\040\000R\000e\000c\000i\000e\000n\000t\000e\000s\000\040\000e\000n\000\040\000I\000n\000v\000e\000s\000t\000i\000g\000a\000c\000i\000\363\000n}{subsection.2.8}% 16
\BOOKMARK [2][-]{subsection.2.9}{\376\377\000C\000o\000n\000t\000r\000i\000b\000u\000c\000i\000\363\000n\000\040\000d\000e\000\040\000S\000G\000H\000\040\000a\000l\000\040\000E\000s\000t\000a\000d\000o\000\040\000d\000e\000l\000\040\000A\000r\000t\000e}{section.2}% 17
\BOOKMARK [3][-]{subsubsection.2.9.1}{\376\377\000I\000n\000n\000o\000v\000a\000c\000i\000o\000n\000e\000s\000\040\000T\000\351\000c\000n\000i\000c\000a\000s}{subsection.2.9}% 18
\BOOKMARK [3][-]{subsubsection.2.9.2}{\376\377\000C\000o\000n\000t\000r\000i\000b\000u\000c\000i\000o\000n\000e\000s\000\040\000M\000e\000t\000o\000d\000o\000l\000\363\000g\000i\000c\000a\000s}{subsection.2.9}% 19
\BOOKMARK [3][-]{subsubsection.2.9.3}{\376\377\000I\000m\000p\000a\000c\000t\000o\000\040\000e\000n\000\040\000l\000a\000\040\000C\000o\000m\000u\000n\000i\000d\000a\000d}{subsection.2.9}% 20
\BOOKMARK [1][-]{section.3}{\376\377\000M\000\351\000t\000o\000d\000o\000s}{}% 21
\BOOKMARK [2][-]{subsection.3.1}{\376\377\000E\000n\000f\000o\000q\000u\000e\000\040\000d\000e\000\040\000d\000e\000s\000a\000r\000r\000o\000l\000l\000o}{section.3}% 22
\BOOKMARK [2][-]{subsection.3.2}{\376\377\000O\000r\000d\000e\000n\000\040\000r\000e\000a\000l\000\040\000d\000e\000\040\000d\000e\000s\000a\000r\000r\000o\000l\000l\000o\000\040\000y\000\040\000a\000c\000t\000i\000v\000i\000d\000a\000d\000e\000s\000\040\000p\000r\000i\000n\000c\000i\000p\000a\000l\000e\000s}{section.3}% 23
\BOOKMARK [1][-]{section.4}{\376\377\000I\000m\000p\000l\000e\000m\000e\000n\000t\000a\000c\000i\000\363\000n\000\040\000d\000e\000l\000\040\000s\000o\000f\000t\000w\000a\000r\000e}{}% 24
\BOOKMARK [2][-]{subsection.4.1}{\376\377\000A\000r\000q\000u\000i\000t\000e\000c\000t\000u\000r\000a\000\040\000d\000e\000l\000\040\000s\000i\000s\000t\000e\000m\000a}{section.4}% 25
\BOOKMARK [3][-]{subsubsection.4.1.1}{\376\377\000B\000a\000c\000k\000e\000n\000d\000\040\000c\000o\000n\000\040\000S\000p\000r\000i\000n\000g\000\040\000B\000o\000o\000t}{subsection.4.1}% 26
\BOOKMARK [3][-]{subsubsection.4.1.2}{\376\377\000F\000r\000o\000n\000t\000e\000n\000d\000\040\000W\000e\000b\000\040\000c\000o\000n\000\040\000N\000e\000x\000t\000.\000j\000s\000\040\000y\000\040\000T\000a\000i\000l\000w\000i\000n\000d\000\040\000C\000S\000S}{subsection.4.1}% 27
\BOOKMARK [3][-]{subsubsection.4.1.3}{\376\377\000A\000p\000l\000i\000c\000a\000c\000i\000\363\000n\000\040\000M\000\363\000v\000i\000l\000\040\000c\000o\000n\000\040\000R\000e\000a\000c\000t\000\040\000N\000a\000t\000i\000v\000e}{subsection.4.1}% 28
\BOOKMARK [3][-]{subsubsection.4.1.4}{\376\377\000B\000a\000s\000e\000\040\000d\000e\000\040\000D\000a\000t\000o\000s\000\040\000y\000\040\000P\000e\000r\000s\000i\000s\000t\000e\000n\000c\000i\000a}{subsection.4.1}% 29
\BOOKMARK [3][-]{subsubsection.4.1.5}{\376\377\000A\000P\000I\000s\000\040\000R\000E\000S\000T\000\040\000y\000\040\000C\000o\000m\000u\000n\000i\000c\000a\000c\000i\000\363\000n}{subsection.4.1}% 30
\BOOKMARK [2][-]{subsection.4.2}{\376\377\000A\000l\000g\000o\000r\000i\000t\000m\000o\000s\000\040\000d\000e\000\040\000G\000e\000n\000e\000r\000a\000c\000i\000\363\000n\000\040\000d\000e\000\040\000H\000o\000r\000a\000r\000i\000o\000s}{section.4}% 31
\BOOKMARK [2][-]{subsection.4.3}{\376\377\000P\000r\000\341\000c\000t\000i\000c\000a\000s\000\040\000d\000e\000\040\000D\000e\000s\000a\000r\000r\000o\000l\000l\000o\000\040\000y\000\040\000C\000a\000l\000i\000d\000a\000d}{section.4}% 32
\BOOKMARK [3][-]{subsubsection.4.3.1}{\376\377\000P\000r\000u\000e\000b\000a\000s}{subsection.4.3}% 33
\BOOKMARK [3][-]{subsubsection.4.3.2}{\376\377\000C\000a\000l\000i\000d\000a\000d\000\040\000d\000e\000\040\000C\000\363\000d\000i\000g\000o}{subsection.4.3}% 34
\BOOKMARK [3][-]{subsubsection.4.3.3}{\376\377\000I\000n\000t\000e\000g\000r\000a\000c\000i\000\363\000n\000\040\000C\000o\000n\000t\000i\000n\000u\000a}{subsection.4.3}% 35
\BOOKMARK [2][-]{subsection.4.4}{\376\377\000D\000e\000s\000p\000l\000i\000e\000g\000u\000e\000\040\000y\000\040\000C\000o\000n\000t\000e\000n\000e\000d\000o\000r\000i\000z\000a\000c\000i\000\363\000n}{section.4}% 36
\BOOKMARK [2][-]{subsection.4.5}{\376\377\000C\000o\000m\000p\000a\000r\000a\000c\000i\000\363\000n\000\040\000d\000e\000\040\000t\000e\000c\000n\000o\000l\000o\000g\000\355\000a\000s}{section.4}% 37
\BOOKMARK [2][-]{subsection.4.6}{\376\377\000P\000a\000t\000r\000o\000n\000e\000s\000\040\000d\000e\000\040\000D\000i\000s\000e\000\361\000o\000\040\000A\000v\000a\000n\000z\000a\000d\000o\000s}{section.4}% 38
\BOOKMARK [3][-]{subsubsection.4.6.1}{\376\377\000P\000a\000t\000r\000o\000n\000e\000s\000\040\000A\000r\000q\000u\000i\000t\000e\000c\000t\000\363\000n\000i\000c\000o\000s}{subsection.4.6}% 39
\BOOKMARK [3][-]{subsubsection.4.6.2}{\376\377\000P\000a\000t\000r\000o\000n\000e\000s\000\040\000d\000e\000\040\000I\000n\000t\000e\000g\000r\000a\000c\000i\000\363\000n\000\040\000y\000\040\000C\000o\000m\000u\000n\000i\000c\000a\000c\000i\000\363\000n}{subsection.4.6}% 40
\BOOKMARK [3][-]{subsubsection.4.6.3}{\376\377\000P\000a\000t\000r\000o\000n\000e\000s\000\040\000d\000e\000\040\000C\000o\000n\000c\000u\000r\000r\000e\000n\000c\000i\000a\000\040\000y\000\040\000P\000e\000r\000f\000o\000r\000m\000a\000n\000c\000e}{subsection.4.6}% 41
\BOOKMARK [3][-]{subsubsection.4.6.4}{\376\377\000P\000a\000t\000r\000o\000n\000e\000s\000\040\000d\000e\000\040\000S\000e\000g\000u\000r\000i\000d\000a\000d}{subsection.4.6}% 42
\BOOKMARK [3][-]{subsubsection.4.6.5}{\376\377\000P\000a\000t\000r\000o\000n\000e\000s\000\040\000d\000e\000\040\000T\000e\000s\000t\000i\000n\000g\000\040\000y\000\040\000C\000a\000l\000i\000d\000a\000d}{subsection.4.6}% 43
\BOOKMARK [3][-]{subsubsection.4.6.6}{\376\377\000P\000a\000t\000r\000o\000n\000e\000s\000\040\000d\000e\000\040\000I\000n\000t\000e\000r\000n\000a\000c\000i\000o\000n\000a\000l\000i\000z\000a\000c\000i\000\363\000n\000\040\000y\000\040\000L\000o\000c\000a\000l\000i\000z\000a\000c\000i\000\363\000n}{subsection.4.6}% 44
\BOOKMARK [1][-]{section.5}{\376\377\000R\000e\000s\000u\000l\000t\000a\000d\000o\000s}{}% 45
\BOOKMARK [2][-]{subsection.5.1}{\376\377\000M\000\351\000t\000r\000i\000c\000a\000s\000\040\000d\000e\000\040\000R\000e\000n\000d\000i\000m\000i\000e\000n\000t\000o\000\040\000d\000e\000l\000\040\000S\000i\000s\000t\000e\000m\000a}{section.5}% 46
\BOOKMARK [2][-]{subsection.5.2}{\376\377\000C\000o\000b\000e\000r\000t\000u\000r\000a\000\040\000F\000u\000n\000c\000i\000o\000n\000a\000l\000\040\000I\000m\000p\000l\000e\000m\000e\000n\000t\000a\000d\000a}{section.5}% 47
\BOOKMARK [3][-]{subsubsection.5.2.1}{\376\377\000A\000p\000l\000i\000c\000a\000c\000i\000\363\000n\000\040\000W\000e\000b\000\040\000\050\000N\000e\000x\000t\000.\000j\000s\000\040\000+\000\040\000T\000a\000i\000l\000w\000i\000n\000d\000\040\000C\000S\000S\000\051}{subsection.5.2}% 48
\BOOKMARK [3][-]{subsubsection.5.2.2}{\376\377\000B\000a\000c\000k\000e\000n\000d\000\040\000\050\000S\000p\000r\000i\000n\000g\000\040\000B\000o\000o\000t\000\051}{subsection.5.2}% 49
\BOOKMARK [3][-]{subsubsection.5.2.3}{\376\377\000A\000p\000l\000i\000c\000a\000c\000i\000\363\000n\000\040\000M\000\363\000v\000i\000l\000\040\000\050\000R\000e\000a\000c\000t\000\040\000N\000a\000t\000i\000v\000e\000\051}{subsection.5.2}% 50
\BOOKMARK [2][-]{subsection.5.3}{\376\377\000E\000v\000a\000l\000u\000a\000c\000i\000\363\000n\000\040\000d\000e\000\040\000C\000a\000l\000i\000d\000a\000d\000\040\000y\000\040\000P\000r\000u\000e\000b\000a\000s}{section.5}% 51
\BOOKMARK [3][-]{subsubsection.5.3.1}{\376\377\000C\000o\000b\000e\000r\000t\000u\000r\000a\000\040\000d\000e\000\040\000P\000r\000u\000e\000b\000a\000s}{subsection.5.3}% 52
\BOOKMARK [3][-]{subsubsection.5.3.2}{\376\377\000M\000\351\000t\000r\000i\000c\000a\000s\000\040\000d\000e\000\040\000C\000a\000l\000i\000d\000a\000d\000\040\000d\000e\000\040\000C\000\363\000d\000i\000g\000o}{subsection.5.3}% 53
\BOOKMARK [2][-]{subsection.5.4}{\376\377\000V\000a\000l\000i\000d\000a\000c\000i\000\363\000n\000\040\000c\000o\000n\000\040\000U\000s\000u\000a\000r\000i\000o\000s}{section.5}% 54
\BOOKMARK [2][-]{subsection.5.5}{\376\377\000I\000m\000p\000a\000c\000t\000o\000\040\000y\000\040\000V\000i\000a\000b\000i\000l\000i\000d\000a\000d\000\040\000T\000\351\000c\000n\000i\000c\000a}{section.5}% 55
\BOOKMARK [1][-]{section.6}{\376\377\000D\000i\000s\000c\000u\000s\000i\000\363\000n}{}% 56
\BOOKMARK [2][-]{subsection.6.1}{\376\377\000A\000n\000\341\000l\000i\000s\000i\000s\000\040\000d\000e\000\040\000F\000o\000r\000t\000a\000l\000e\000z\000a\000s\000\040\000T\000\351\000c\000n\000i\000c\000a\000s}{section.6}% 57
\BOOKMARK [3][-]{subsubsection.6.1.1}{\376\377\000S\000t\000a\000c\000k\000\040\000T\000e\000c\000n\000o\000l\000\363\000g\000i\000c\000o\000\040\000y\000\040\000R\000e\000n\000d\000i\000m\000i\000e\000n\000t\000o}{subsection.6.1}% 58
\BOOKMARK [3][-]{subsubsection.6.1.2}{\376\377\000A\000l\000g\000o\000r\000i\000t\000m\000o\000s\000\040\000d\000e\000\040\000O\000p\000t\000i\000m\000i\000z\000a\000c\000i\000\363\000n}{subsection.6.1}% 59
\BOOKMARK [3][-]{subsubsection.6.1.3}{\376\377\000E\000n\000f\000o\000q\000u\000e\000\040\000M\000u\000l\000t\000i\000p\000l\000a\000t\000a\000f\000o\000r\000m\000a}{subsection.6.1}% 60
\BOOKMARK [2][-]{subsection.6.2}{\376\377\000L\000i\000m\000i\000t\000a\000c\000i\000o\000n\000e\000s\000\040\000y\000\040\000\301\000r\000e\000a\000s\000\040\000d\000e\000\040\000M\000e\000j\000o\000r\000a}{section.6}% 61
\BOOKMARK [3][-]{subsubsection.6.2.1}{\376\377\000E\000s\000c\000a\000l\000a\000b\000i\000l\000i\000d\000a\000d\000\040\000y\000\040\000A\000r\000q\000u\000i\000t\000e\000c\000t\000u\000r\000a}{subsection.6.2}% 62
\BOOKMARK [3][-]{subsubsection.6.2.2}{\376\377\000A\000l\000g\000o\000r\000i\000t\000m\000o\000s\000\040\000d\000e\000\040\000O\000p\000t\000i\000m\000i\000z\000a\000c\000i\000\363\000n\000\040\000A\000v\000a\000n\000z\000a\000d\000a}{subsection.6.2}% 63
\BOOKMARK [3][-]{subsubsection.6.2.3}{\376\377\000A\000P\000I\000s\000\040\000y\000\040\000C\000o\000m\000u\000n\000i\000c\000a\000c\000i\000\363\000n}{subsection.6.2}% 64
\BOOKMARK [3][-]{subsubsection.6.2.4}{\376\377\000C\000o\000b\000e\000r\000t\000u\000r\000a\000\040\000M\000\363\000v\000i\000l}{subsection.6.2}% 65
\BOOKMARK [2][-]{subsection.6.3}{\376\377\000C\000o\000m\000p\000a\000r\000a\000c\000i\000\363\000n\000\040\000c\000o\000n\000\040\000S\000o\000l\000u\000c\000i\000o\000n\000e\000s\000\040\000E\000x\000i\000s\000t\000e\000n\000t\000e\000s}{section.6}% 66
\BOOKMARK [2][-]{subsection.6.4}{\376\377\000I\000m\000p\000l\000i\000c\000a\000c\000i\000o\000n\000e\000s\000\040\000p\000a\000r\000a\000\040\000l\000a\000\040\000G\000e\000s\000t\000i\000\363\000n\000\040\000A\000c\000a\000d\000\351\000m\000i\000c\000a}{section.6}% 67
\BOOKMARK [3][-]{subsubsection.6.4.1}{\376\377\000E\000f\000i\000c\000i\000e\000n\000c\000i\000a\000\040\000O\000p\000e\000r\000a\000t\000i\000v\000a}{subsection.6.4}% 68
\BOOKMARK [3][-]{subsubsection.6.4.2}{\376\377\000A\000c\000c\000e\000s\000i\000b\000i\000l\000i\000d\000a\000d\000\040\000y\000\040\000D\000e\000m\000o\000c\000r\000a\000t\000i\000z\000a\000c\000i\000\363\000n}{subsection.6.4}% 69
\BOOKMARK [3][-]{subsubsection.6.4.3}{\376\377\000I\000n\000t\000e\000g\000r\000a\000c\000i\000\363\000n\000\040\000c\000o\000n\000\040\000E\000c\000o\000s\000i\000s\000t\000e\000m\000a\000s\000\040\000D\000i\000g\000i\000t\000a\000l\000e\000s}{subsection.6.4}% 70
\BOOKMARK [2][-]{subsection.6.5}{\376\377\000C\000o\000n\000s\000i\000d\000e\000r\000a\000c\000i\000o\000n\000e\000s\000\040\000d\000e\000\040\000S\000e\000g\000u\000r\000i\000d\000a\000d\000\040\000y\000\040\000P\000r\000i\000v\000a\000c\000i\000d\000a\000d}{section.6}% 71
\BOOKMARK [2][-]{subsection.6.6}{\376\377\000C\000o\000n\000t\000r\000i\000b\000u\000c\000i\000o\000n\000e\000s\000\040\000a\000\040\000l\000a\000\040\000L\000i\000t\000e\000r\000a\000t\000u\000r\000a}{section.6}% 72
\BOOKMARK [2][-]{subsection.6.7}{\376\377\000L\000i\000m\000i\000t\000a\000c\000i\000o\000n\000e\000s\000\040\000d\000e\000l\000\040\000E\000s\000t\000u\000d\000i\000o}{section.6}% 73
\BOOKMARK [2][-]{subsection.6.8}{\376\377\000I\000m\000p\000l\000i\000c\000a\000c\000i\000o\000n\000e\000s\000\040\000E\000c\000o\000n\000\363\000m\000i\000c\000a\000s\000\040\000y\000\040\000d\000e\000\040\000M\000e\000r\000c\000a\000d\000o}{section.6}% 74
\BOOKMARK [3][-]{subsubsection.6.8.1}{\376\377\000A\000n\000\341\000l\000i\000s\000i\000s\000\040\000d\000e\000\040\000C\000o\000s\000t\000o\000-\000B\000e\000n\000e\000f\000i\000c\000i\000o}{subsection.6.8}% 75
\BOOKMARK [3][-]{subsubsection.6.8.2}{\376\377\000M\000o\000d\000e\000l\000o\000\040\000d\000e\000\040\000N\000e\000g\000o\000c\000i\000o\000\040\000y\000\040\000S\000o\000s\000t\000e\000n\000i\000b\000i\000l\000i\000d\000a\000d}{subsection.6.8}% 76
\BOOKMARK [3][-]{subsubsection.6.8.3}{\376\377\000I\000m\000p\000a\000c\000t\000o\000\040\000e\000n\000\040\000e\000l\000\040\000M\000e\000r\000c\000a\000d\000o\000\040\000T\000e\000c\000n\000o\000l\000\363\000g\000i\000c\000o\000\040\000C\000o\000l\000o\000m\000b\000i\000a\000n\000o}{subsection.6.8}% 77
\BOOKMARK [3][-]{subsubsection.6.8.4}{\376\377\000A\000n\000\341\000l\000i\000s\000i\000s\000\040\000d\000e\000\040\000R\000i\000e\000s\000g\000o\000s\000\040\000E\000c\000o\000n\000\363\000m\000i\000c\000o\000s}{subsection.6.8}% 78
\BOOKMARK [2][-]{subsection.6.9}{\376\377\000I\000m\000p\000l\000i\000c\000a\000c\000i\000o\000n\000e\000s\000\040\000p\000a\000r\000a\000\040\000P\000o\000l\000\355\000t\000i\000c\000a\000s\000\040\000P\000\372\000b\000l\000i\000c\000a\000s}{section.6}% 79
\BOOKMARK [3][-]{subsubsection.6.9.1}{\376\377\000R\000o\000l\000\040\000e\000n\000\040\000l\000a\000\040\000T\000r\000a\000n\000s\000f\000o\000r\000m\000a\000c\000i\000\363\000n\000\040\000D\000i\000g\000i\000t\000a\000l\000\040\000E\000d\000u\000c\000a\000t\000i\000v\000a}{subsection.6.9}% 80
\BOOKMARK [3][-]{subsubsection.6.9.2}{\376\377\000R\000e\000c\000o\000m\000e\000n\000d\000a\000c\000i\000o\000n\000e\000s\000\040\000p\000a\000r\000a\000\040\000P\000o\000l\000\355\000t\000i\000c\000a\000s\000\040\000P\000\372\000b\000l\000i\000c\000a\000s}{subsection.6.9}% 81
\BOOKMARK [1][-]{section.7}{\376\377\000C\000o\000n\000c\000l\000u\000s\000i\000o\000n\000e\000s\000\040\000y\000\040\000t\000r\000a\000b\000a\000j\000o\000\040\000f\000u\000t\000u\000r\000o}{}% 82
\BOOKMARK [2][-]{subsection.7.1}{\376\377\000L\000o\000g\000r\000o\000s\000\040\000P\000r\000i\000n\000c\000i\000p\000a\000l\000e\000s}{section.7}% 83
\BOOKMARK [3][-]{subsubsection.7.1.1}{\376\377\000V\000a\000l\000i\000d\000a\000c\000i\000\363\000n\000\040\000T\000\351\000c\000n\000i\000c\000a}{subsection.7.1}% 84
\BOOKMARK [3][-]{subsubsection.7.1.2}{\376\377\000C\000o\000n\000t\000r\000i\000b\000u\000c\000i\000\363\000n\000\040\000a\000\040\000l\000a\000\040\000G\000e\000s\000t\000i\000\363\000n\000\040\000A\000c\000a\000d\000\351\000m\000i\000c\000a}{subsection.7.1}% 85
\BOOKMARK [3][-]{subsubsection.7.1.3}{\376\377\000I\000m\000p\000a\000c\000t\000o\000\040\000e\000n\000\040\000e\000l\000\040\000D\000e\000s\000a\000r\000r\000o\000l\000l\000o\000\040\000d\000e\000\040\000S\000o\000f\000t\000w\000a\000r\000e\000\040\000E\000d\000u\000c\000a\000t\000i\000v\000o}{subsection.7.1}% 86
\BOOKMARK [2][-]{subsection.7.2}{\376\377\000L\000e\000c\000c\000i\000o\000n\000e\000s\000\040\000A\000p\000r\000e\000n\000d\000i\000d\000a\000s}{section.7}% 87
\BOOKMARK [3][-]{subsubsection.7.2.1}{\376\377\000D\000i\000s\000e\000\361\000o\000\040\000A\000r\000q\000u\000i\000t\000e\000c\000t\000\363\000n\000i\000c\000o}{subsection.7.2}% 88
\BOOKMARK [3][-]{subsubsection.7.2.2}{\376\377\000A\000l\000g\000o\000r\000i\000t\000m\000o\000s\000\040\000d\000e\000\040\000O\000p\000t\000i\000m\000i\000z\000a\000c\000i\000\363\000n}{subsection.7.2}% 89
\BOOKMARK [3][-]{subsubsection.7.2.3}{\376\377\000D\000e\000s\000a\000r\000r\000o\000l\000l\000o\000\040\000M\000u\000l\000t\000i\000p\000l\000a\000t\000a\000f\000o\000r\000m\000a}{subsection.7.2}% 90
\BOOKMARK [2][-]{subsection.7.3}{\376\377\000L\000i\000m\000i\000t\000a\000c\000i\000o\000n\000e\000s\000\040\000y\000\040\000\301\000r\000e\000a\000s\000\040\000d\000e\000\040\000M\000e\000j\000o\000r\000a}{section.7}% 91
\BOOKMARK [2][-]{subsection.7.4}{\376\377\000T\000r\000a\000b\000a\000j\000o\000\040\000F\000u\000t\000u\000r\000o}{section.7}% 92
\BOOKMARK [3][-]{subsubsection.7.4.1}{\376\377\000C\000o\000r\000t\000o\000\040\000P\000l\000a\000z\000o\000\040\000\050\0003\000-\0006\000\040\000m\000e\000s\000e\000s\000\051}{subsection.7.4}% 93
\BOOKMARK [3][-]{subsubsection.7.4.2}{\376\377\000M\000e\000d\000i\000o\000\040\000P\000l\000a\000z\000o\000\040\000\050\0006\000-\0001\0002\000\040\000m\000e\000s\000e\000s\000\051}{subsection.7.4}% 94
\BOOKMARK [3][-]{subsubsection.7.4.3}{\376\377\000L\000a\000r\000g\000o\000\040\000P\000l\000a\000z\000o\000\040\000\050\0001\000-\0002\000\040\000a\000\361\000o\000s\000\051}{subsection.7.4}% 95
\BOOKMARK [2][-]{subsection.7.5}{\376\377\000I\000m\000p\000a\000c\000t\000o\000\040\000E\000s\000p\000e\000r\000a\000d\000o\000\040\000y\000\040\000L\000e\000g\000a\000d\000o}{section.7}% 96
\BOOKMARK [2][-]{subsection.7.6}{\376\377\000R\000e\000c\000o\000m\000e\000n\000d\000a\000c\000i\000o\000n\000e\000s\000\040\000F\000i\000n\000a\000l\000e\000s}{section.7}% 97
\BOOKMARK [2][-]{subsection.7.7}{\376\377\000L\000e\000c\000c\000i\000o\000n\000e\000s\000\040\000A\000p\000r\000e\000n\000d\000i\000d\000a\000s\000\040\000D\000e\000t\000a\000l\000l\000a\000d\000a\000s}{section.7}% 98
\BOOKMARK [3][-]{subsubsection.7.7.1}{\376\377\000L\000e\000c\000c\000i\000o\000n\000e\000s\000\040\000T\000\351\000c\000n\000i\000c\000a\000s}{subsection.7.7}% 99
\BOOKMARK [3][-]{subsubsection.7.7.2}{\376\377\000L\000e\000c\000c\000i\000o\000n\000e\000s\000\040\000d\000e\000\040\000P\000r\000o\000y\000e\000c\000t\000o}{subsection.7.7}% 100
\BOOKMARK [3][-]{subsubsection.7.7.3}{\376\377\000L\000e\000c\000c\000i\000o\000n\000e\000s\000\040\000O\000r\000g\000a\000n\000i\000z\000a\000c\000i\000o\000n\000a\000l\000e\000s}{subsection.7.7}% 101
\BOOKMARK [3][-]{subsubsection.7.7.4}{\376\377\000L\000e\000c\000c\000i\000o\000n\000e\000s\000\040\000p\000a\000r\000a\000\040\000l\000a\000\040\000A\000c\000a\000d\000e\000m\000i\000a}{subsection.7.7}% 102
\BOOKMARK [2][-]{subsection.7.8}{\376\377\000A\000n\000\341\000l\000i\000s\000i\000s\000\040\000d\000e\000\040\000S\000o\000s\000t\000e\000n\000i\000b\000i\000l\000i\000d\000a\000d\000\040\000a\000\040\000L\000a\000r\000g\000o\000\040\000P\000l\000a\000z\000o}{section.7}% 103
\BOOKMARK [3][-]{subsubsection.7.8.1}{\376\377\000S\000o\000s\000t\000e\000n\000i\000b\000i\000l\000i\000d\000a\000d\000\040\000T\000\351\000c\000n\000i\000c\000a}{subsection.7.8}% 104
\BOOKMARK [3][-]{subsubsection.7.8.2}{\376\377\000S\000o\000s\000t\000e\000n\000i\000b\000i\000l\000i\000d\000a\000d\000\040\000E\000c\000o\000n\000\363\000m\000i\000c\000a}{subsection.7.8}% 105
\BOOKMARK [3][-]{subsubsection.7.8.3}{\376\377\000S\000o\000s\000t\000e\000n\000i\000b\000i\000l\000i\000d\000a\000d\000\040\000S\000o\000c\000i\000a\000l\000\040\000y\000\040\000C\000o\000m\000u\000n\000i\000t\000a\000r\000i\000a}{subsection.7.8}% 106
\BOOKMARK [3][-]{subsubsection.7.8.4}{\376\377\000S\000o\000s\000t\000e\000n\000i\000b\000i\000l\000i\000d\000a\000d\000\040\000A\000m\000b\000i\000e\000n\000t\000a\000l}{subsection.7.8}% 107
\BOOKMARK [1][-]{section*.10}{\376\377\000A\000p\000\351\000n\000d\000i\000c\000e}{}% 108
\BOOKMARK [2][-]{subsection.Appendix.A.1}{\376\377\000A\000r\000q\000u\000i\000t\000e\000c\000t\000u\000r\000a\000\040\000G\000e\000n\000e\000r\000a\000l\000\040\000d\000e\000l\000\040\000S\000i\000s\000t\000e\000m\000a}{section*.10}% 109
\BOOKMARK [2][-]{subsection.Appendix.A.2}{\376\377\000E\000s\000p\000e\000c\000i\000f\000i\000c\000a\000c\000i\000o\000n\000e\000s\000\040\000T\000\351\000c\000n\000i\000c\000a\000s\000\040\000D\000e\000t\000a\000l\000l\000a\000d\000a\000s}{section*.10}% 110
\BOOKMARK [3][-]{subsubsection.Appendix.A.2.1}{\376\377\000A\000p\000l\000i\000c\000a\000c\000i\000\363\000n\000\040\000W\000e\000b}{subsection.Appendix.A.2}% 111
\BOOKMARK [3][-]{subsubsection.Appendix.A.2.2}{\376\377\000B\000a\000c\000k\000e\000n\000d}{subsection.Appendix.A.2}% 112
\BOOKMARK [3][-]{subsubsection.Appendix.A.2.3}{\376\377\000B\000a\000s\000e\000\040\000d\000e\000\040\000D\000a\000t\000o\000s}{subsection.Appendix.A.2}% 113
\BOOKMARK [3][-]{subsubsection.Appendix.A.2.4}{\376\377\000A\000p\000l\000i\000c\000a\000c\000i\000\363\000n\000\040\000M\000\363\000v\000i\000l}{subsection.Appendix.A.2}% 114
\BOOKMARK [2][-]{subsection.Appendix.A.3}{\376\377\000E\000j\000e\000m\000p\000l\000o\000s\000\040\000d\000e\000\040\000C\000\363\000d\000i\000g\000o\000\040\000y\000\040\000E\000n\000d\000p\000o\000i\000n\000t\000s}{section*.10}% 115
\BOOKMARK [3][-]{subsubsection.Appendix.A.3.1}{\376\377\000E\000j\000e\000m\000p\000l\000o\000\040\000d\000e\000\040\000E\000n\000d\000p\000o\000i\000n\000t\000\040\000R\000E\000S\000T\000\040\000-\000\040\000C\000r\000e\000a\000c\000i\000\363\000n\000\040\000d\000e\000\040\000C\000u\000r\000s\000o}{subsection.Appendix.A.3}% 116
\BOOKMARK [3][-]{subsubsection.Appendix.A.3.2}{\376\377\000E\000j\000e\000m\000p\000l\000o\000\040\000d\000e\000\040\000E\000n\000d\000p\000o\000i\000n\000t\000\040\000R\000E\000S\000T\000\040\000-\000\040\000G\000e\000n\000e\000r\000a\000c\000i\000\363\000n\000\040\000d\000e\000\040\000H\000o\000r\000a\000r\000i\000o\000s}{subsection.Appendix.A.3}% 117
\BOOKMARK [3][-]{subsubsection.Appendix.A.3.3}{\376\377\000E\000j\000e\000m\000p\000l\000o\000\040\000d\000e\000\040\000C\000o\000m\000p\000o\000n\000e\000n\000t\000e\000\040\000R\000e\000a\000c\000t\000\040\000-\000\040\000G\000e\000s\000t\000i\000\363\000n\000\040\000d\000e\000\040\000C\000u\000r\000s\000o\000s}{subsection.Appendix.A.3}% 118
\BOOKMARK [3][-]{subsubsection.Appendix.A.3.4}{\376\377\000E\000j\000e\000m\000p\000l\000o\000\040\000d\000e\000\040\000S\000e\000r\000v\000i\000c\000i\000o\000\040\000S\000p\000r\000i\000n\000g\000\040\000B\000o\000o\000t\000\040\000-\000\040\000G\000e\000n\000e\000r\000a\000c\000i\000\363\000n\000\040\000d\000e\000\040\000H\000o\000r\000a\000r\000i\000o\000s}{subsection.Appendix.A.3}% 119
\BOOKMARK [2][-]{subsection.Appendix.A.4}{\376\377\000D\000i\000a\000g\000r\000a\000m\000a\000s\000\040\000A\000r\000q\000u\000i\000t\000e\000c\000t\000\363\000n\000i\000c\000o\000s}{section*.10}% 120
\BOOKMARK [3][-]{subsubsection.Appendix.A.4.1}{\376\377\000D\000i\000a\000g\000r\000a\000m\000a\000\040\000d\000e\000\040\000A\000r\000q\000u\000i\000t\000e\000c\000t\000u\000r\000a\000\040\000G\000e\000n\000e\000r\000a\000l}{subsection.Appendix.A.4}% 121
\BOOKMARK [3][-]{subsubsection.Appendix.A.4.2}{\376\377\000D\000i\000a\000g\000r\000a\000m\000a\000\040\000d\000e\000\040\000B\000a\000s\000e\000\040\000d\000e\000\040\000D\000a\000t\000o\000s}{subsection.Appendix.A.4}% 122
\BOOKMARK [2][-]{subsection.Appendix.A.5}{\376\377\000G\000u\000\355\000a\000\040\000d\000e\000\040\000D\000e\000s\000p\000l\000i\000e\000g\000u\000e}{section*.10}% 123
\BOOKMARK [3][-]{subsubsection.Appendix.A.5.1}{\376\377\000P\000r\000e\000r\000r\000e\000q\000u\000i\000s\000i\000t\000o\000s}{subsection.Appendix.A.5}% 124
\BOOKMARK [3][-]{subsubsection.Appendix.A.5.2}{\376\377\000P\000a\000s\000o\000s\000\040\000d\000e\000\040\000D\000e\000s\000p\000l\000i\000e\000g\000u\000e}{subsection.Appendix.A.5}% 125
\BOOKMARK [3][-]{subsubsection.Appendix.A.5.3}{\376\377\000M\000o\000n\000i\000t\000o\000r\000i\000z\000a\000c\000i\000\363\000n}{subsection.Appendix.A.5}% 126
\BOOKMARK [2][-]{subsection.Appendix.A.6}{\376\377\000C\000h\000e\000c\000k\000l\000i\000s\000t\000\040\000d\000e\000\040\000R\000e\000p\000r\000o\000d\000u\000c\000i\000b\000i\000l\000i\000d\000a\000d}{section*.10}% 127
\BOOKMARK [2][-]{subsection.Appendix.A.7}{\376\377\000E\000s\000c\000e\000n\000a\000r\000i\000o\000\040\000d\000e\000\040\000R\000e\000c\000u\000p\000e\000r\000a\000c\000i\000\363\000n\000\040\000d\000e\000\040\000D\000e\000s\000a\000s\000t\000r\000e\000s}{section*.10}% 128
\BOOKMARK [2][-]{subsection.Appendix.A.8}{\376\377\000E\000s\000c\000e\000n\000a\000r\000i\000o\000\040\000d\000e\000\040\000C\000a\000r\000g\000a\000\040\000E\000x\000t\000r\000e\000m\000a}{section*.10}% 129
\BOOKMARK [2][-]{subsection.Appendix.A.9}{\376\377\000E\000s\000c\000e\000n\000a\000r\000i\000o\000\040\000d\000e\000\040\000C\000u\000m\000p\000l\000i\000m\000i\000e\000n\000t\000o\000\040\000R\000e\000g\000u\000l\000a\000t\000o\000r\000i\000o}{section*.10}% 130
\BOOKMARK [2][-]{subsection.Appendix.A.10}{\376\377\000M\000\351\000t\000r\000i\000c\000a\000s\000\040\000d\000e\000\040\000C\000a\000l\000i\000d\000a\000d\000\040\000d\000e\000\040\000C\000\363\000d\000i\000g\000o}{section*.10}% 131
\BOOKMARK [2][-]{subsection.Appendix.A.11}{\376\377\000M\000\351\000t\000r\000i\000c\000a\000s\000\040\000d\000e\000\040\000P\000e\000r\000f\000o\000r\000m\000a\000n\000c\000e}{section*.10}% 132
\BOOKMARK [3][-]{table.caption.13}{\376\377\000P\000e\000r\000f\000o\000r\000m\000a\000n\000c\000e\000\040\000p\000o\000r\000\040\000E\000n\000d\000p\000o\000i\000n\000t}{subsection.Appendix.A.11}% 133
\BOOKMARK [3][-]{table.caption.14}{\376\377\000C\000o\000n\000s\000u\000m\000o\000\040\000d\000e\000\040\000R\000e\000c\000u\000r\000s\000o\000s}{subsection.Appendix.A.11}% 134
\BOOKMARK [2][-]{subsection.Appendix.A.12}{\376\377\000T\000r\000a\000b\000a\000j\000o\000s\000\040\000R\000e\000l\000a\000c\000i\000o\000n\000a\000d\000o\000s}{section*.10}% 135
\BOOKMARK [2][-]{subsection.Appendix.A.13}{\376\377\000H\000e\000r\000r\000a\000m\000i\000e\000n\000t\000a\000s\000\040\000y\000\040\000T\000e\000c\000n\000o\000l\000o\000g\000\355\000a\000s}{section*.10}% 136
\BOOKMARK [2][-]{subsection.Appendix.A.14}{\376\377\000E\000s\000t\000a\000n\000d\000a\000r\000e\000s\000\040\000y\000\040\000R\000e\000g\000u\000l\000a\000c\000i\000o\000n\000e\000s}{section*.10}% 137
