\BOOKMARK [1][-]{section*.4}{\376\377\000I\000n\000t\000r\000o\000d\000u\000c\000c\000i\000\363\000n}{}% 1
\BOOKMARK [2][-]{section*.5}{\376\377\000P\000r\000o\000b\000l\000e\000m\000\341\000t\000i\000c\000a\000\040\000A\000c\000t\000u\000a\000l\000\040\000e\000n\000\040\000l\000a\000\040\000G\000e\000s\000t\000i\000\363\000n\000\040\000A\000c\000a\000d\000\351\000m\000i\000c\000a}{section*.4}% 2
\BOOKMARK [2][-]{section*.6}{\376\377\000S\000o\000l\000u\000c\000i\000\363\000n\000\040\000P\000r\000o\000p\000u\000e\000s\000t\000a\000:\000\040\000S\000G\000H}{section*.4}% 3
\BOOKMARK [2][-]{section*.7}{\376\377\000T\000e\000c\000n\000o\000l\000o\000g\000\355\000a\000s\000\040\000y\000\040\000E\000n\000f\000o\000q\000u\000e\000\040\000I\000n\000n\000o\000v\000a\000d\000o\000r}{section*.4}% 4
\BOOKMARK [2][-]{section*.8}{\376\377\000M\000e\000t\000o\000d\000o\000l\000o\000g\000\355\000a\000\040\000\301\000g\000i\000l\000\040\000y\000\040\000D\000e\000s\000a\000r\000r\000o\000l\000l\000o\000\040\000I\000t\000e\000r\000a\000t\000i\000v\000o}{section*.4}% 5
\BOOKMARK [2][-]{section*.9}{\376\377\000C\000o\000n\000t\000e\000x\000t\000o\000\040\000E\000d\000u\000c\000a\000t\000i\000v\000o\000\040\000e\000n\000\040\000C\000o\000l\000o\000m\000b\000i\000a}{section*.4}% 6
\BOOKMARK [2][-]{section*.10}{\376\377\000I\000n\000n\000o\000v\000a\000c\000i\000\363\000n\000\040\000T\000e\000c\000n\000o\000l\000\363\000g\000i\000c\000a\000\040\000y\000\040\000E\000n\000f\000o\000q\000u\000e\000\040\000M\000u\000l\000t\000i\000d\000i\000s\000c\000i\000p\000l\000i\000n\000a\000r\000i\000o}{section*.4}% 7
\BOOKMARK [2][-]{section*.11}{\376\377\000I\000m\000p\000a\000c\000t\000o\000\040\000E\000s\000p\000e\000r\000a\000d\000o\000\040\000y\000\040\000C\000o\000n\000t\000r\000i\000b\000u\000c\000i\000o\000n\000e\000s}{section*.4}% 8
\BOOKMARK [2][-]{section*.12}{\376\377\000E\000s\000t\000r\000u\000c\000t\000u\000r\000a\000\040\000d\000e\000l\000\040\000D\000o\000c\000u\000m\000e\000n\000t\000o}{section*.4}% 9
\BOOKMARK [1][-]{section*.13}{\376\377\000M\000a\000r\000c\000o\000\040\000t\000e\000\363\000r\000i\000c\000o\000\040\000y\000\040\000t\000r\000a\000b\000a\000j\000o\000s\000\040\000r\000e\000l\000a\000c\000i\000o\000n\000a\000d\000o\000s}{}% 10
\BOOKMARK [2][-]{section*.14}{\376\377\000G\000e\000s\000t\000i\000\363\000n\000\040\000d\000e\000\040\000H\000o\000r\000a\000r\000i\000o\000s\000\040\000A\000c\000a\000d\000\351\000m\000i\000c\000o\000s\000\040\000y\000\040\000A\000l\000g\000o\000r\000i\000t\000m\000o\000s\000\040\000d\000e\000\040\000O\000p\000t\000i\000m\000i\000z\000a\000c\000i\000\363\000n}{section*.13}% 11
\BOOKMARK [2][-]{section*.15}{\376\377\000E\000s\000p\000e\000c\000i\000f\000i\000c\000a\000c\000i\000\363\000n\000\040\000d\000e\000\040\000R\000e\000q\000u\000e\000r\000i\000m\000i\000e\000n\000t\000o\000s\000\040\000e\000n\000\040\000E\000n\000t\000o\000r\000n\000o\000s\000\040\000\301\000g\000i\000l\000e\000s}{section*.13}% 12
\BOOKMARK [2][-]{section*.16}{\376\377\000M\000e\000t\000o\000d\000o\000l\000o\000g\000\355\000a\000s\000\040\000\301\000g\000i\000l\000e\000s\000:\000\040\000S\000c\000r\000u\000m\000\040\000e\000n\000\040\000S\000G\000H}{section*.13}% 13
\BOOKMARK [2][-]{section*.17}{\376\377\000T\000e\000c\000n\000o\000l\000o\000g\000\355\000a\000s\000\040\000B\000a\000c\000k\000e\000n\000d\000:\000\040\000J\000a\000v\000a\000\040\000c\000o\000n\000\040\000S\000p\000r\000i\000n\000g\000\040\000B\000o\000o\000t}{section*.13}% 14
\BOOKMARK [2][-]{section*.18}{\376\377\000B\000a\000s\000e\000s\000\040\000d\000e\000\040\000D\000a\000t\000o\000s\000:\000\040\000M\000y\000S\000Q\000L\000\040\000e\000n\000\040\000S\000G\000H}{section*.13}% 15
\BOOKMARK [2][-]{section*.19}{\376\377\000I\000n\000t\000e\000r\000f\000a\000c\000e\000s\000\040\000W\000e\000b\000\040\000y\000\040\000M\000\363\000v\000i\000l\000e\000s\000:\000\040\000F\000r\000a\000m\000e\000w\000o\000r\000k\000s\000\040\000p\000a\000r\000a\000\040\000A\000n\000d\000r\000o\000i\000d}{section*.13}% 16
\BOOKMARK [2][-]{section*.20}{\376\377\000A\000r\000q\000u\000i\000t\000e\000c\000t\000u\000r\000a\000\040\000M\000o\000d\000u\000l\000a\000r\000\040\000y\000\040\000M\000i\000c\000r\000o\000s\000e\000r\000v\000i\000c\000i\000o\000s}{section*.13}% 17
\BOOKMARK [2][-]{section*.21}{\376\377\000A\000P\000I\000s\000\040\000R\000E\000S\000T\000f\000u\000l\000\040\000y\000\040\000A\000u\000t\000e\000n\000t\000i\000c\000a\000c\000i\000\363\000n\000\040\000J\000W\000T}{section*.13}% 18
\BOOKMARK [2][-]{section*.22}{\376\377\000D\000o\000c\000k\000e\000r\000:\000\040\000C\000o\000n\000t\000e\000n\000e\000r\000i\000z\000a\000c\000i\000\363\000n\000\040\000p\000a\000r\000a\000\040\000D\000e\000s\000p\000l\000i\000e\000g\000u\000e}{section*.13}% 19
\BOOKMARK [1][-]{section*.23}{\376\377\000M\000e\000t\000o\000d\000o\000l\000o\000g\000\355\000a\000\040\000d\000e\000\040\000i\000n\000v\000e\000s\000t\000i\000g\000a\000c\000i\000\363\000n\000\040\000a\000p\000l\000i\000c\000a\000d\000a}{}% 20
\BOOKMARK [2][-]{section*.24}{\376\377\000E\000n\000f\000o\000q\000u\000e\000\040\000d\000e\000\040\000D\000e\000s\000a\000r\000r\000o\000l\000l\000o\000\040\000\301\000g\000i\000l}{section*.23}% 21
\BOOKMARK [3][-]{section*.25}{\376\377\000M\000e\000t\000o\000d\000o\000l\000o\000g\000\355\000a\000\040\000S\000c\000r\000u\000m\000\040\000A\000d\000a\000p\000t\000a\000d\000a}{section*.24}% 22
\BOOKMARK [3][-]{section*.26}{\376\377\000E\000s\000p\000e\000c\000i\000f\000i\000c\000a\000c\000i\000\363\000n\000\040\000d\000e\000\040\000R\000e\000q\000u\000e\000r\000i\000m\000i\000e\000n\000t\000o\000s}{section*.24}% 23
\BOOKMARK [3][-]{section*.27}{\376\377\000H\000i\000s\000t\000o\000r\000i\000a\000s\000\040\000d\000e\000\040\000U\000s\000u\000a\000r\000i\000o\000\040\000I\000N\000V\000E\000S\000T}{section*.24}% 24
\BOOKMARK [2][-]{section*.28}{\376\377\000A\000r\000q\000u\000i\000t\000e\000c\000t\000u\000r\000a\000\040\000d\000e\000l\000\040\000S\000i\000s\000t\000e\000m\000a}{section*.23}% 25
\BOOKMARK [3][-]{section*.29}{\376\377\000D\000i\000s\000e\000\361\000o\000\040\000A\000r\000q\000u\000i\000t\000e\000c\000t\000\363\000n\000i\000c\000o\000\040\000M\000o\000d\000u\000l\000a\000r}{section*.28}% 26
\BOOKMARK [3][-]{section*.30}{\376\377\000T\000e\000c\000n\000o\000l\000o\000g\000\355\000a\000s\000\040\000S\000e\000l\000e\000c\000c\000i\000o\000n\000a\000d\000a\000s}{section*.28}% 27
\BOOKMARK [2][-]{section*.31}{\376\377\000P\000r\000o\000c\000e\000s\000o\000\040\000d\000e\000\040\000D\000e\000s\000a\000r\000r\000o\000l\000l\000o\000\040\000D\000e\000t\000a\000l\000l\000a\000d\000o}{section*.23}% 28
\BOOKMARK [3][-]{section*.32}{\376\377\000F\000a\000s\000e\000\040\000d\000e\000\040\000B\000a\000c\000k\000e\000n\000d}{section*.31}% 29
\BOOKMARK [3][-]{section*.33}{\376\377\000F\000a\000s\000e\000\040\000d\000e\000\040\000F\000r\000o\000n\000t\000e\000n\000d\000\040\000W\000e\000b}{section*.31}% 30
\BOOKMARK [3][-]{section*.34}{\376\377\000F\000a\000s\000e\000\040\000d\000e\000\040\000A\000p\000l\000i\000c\000a\000c\000i\000\363\000n\000\040\000M\000\363\000v\000i\000l}{section*.31}% 31
\BOOKMARK [2][-]{section*.35}{\376\377\000E\000s\000t\000r\000a\000t\000e\000g\000i\000a\000\040\000d\000e\000\040\000P\000r\000u\000e\000b\000a\000s\000\040\000y\000\040\000V\000a\000l\000i\000d\000a\000c\000i\000\363\000n}{section*.23}% 32
\BOOKMARK [3][-]{section*.36}{\376\377\000P\000r\000u\000e\000b\000a\000s\000\040\000U\000n\000i\000t\000a\000r\000i\000a\000s}{section*.35}% 33
\BOOKMARK [3][-]{section*.37}{\376\377\000P\000r\000u\000e\000b\000a\000s\000\040\000d\000e\000\040\000I\000n\000t\000e\000g\000r\000a\000c\000i\000\363\000n}{section*.35}% 34
\BOOKMARK [3][-]{section*.38}{\376\377\000P\000r\000u\000e\000b\000a\000s\000\040\000M\000a\000n\000u\000a\000l\000e\000s}{section*.35}% 35
\BOOKMARK [3][-]{section*.39}{\376\377\000B\000a\000s\000e\000\040\000d\000e\000\040\000D\000a\000t\000o\000s\000\040\000y\000\040\000D\000e\000s\000p\000l\000i\000e\000g\000u\000e}{section*.35}% 36
\BOOKMARK [3][-]{section*.40}{\376\377\000C\000o\000n\000t\000e\000n\000e\000r\000i\000z\000a\000c\000i\000\363\000n\000\040\000y\000\040\000D\000e\000s\000p\000l\000i\000e\000g\000u\000e}{section*.35}% 37
\BOOKMARK [2][-]{section*.41}{\376\377\000P\000r\000o\000c\000e\000s\000o\000\040\000d\000e\000\040\000V\000a\000l\000i\000d\000a\000c\000i\000\363\000n\000\040\000y\000\040\000V\000e\000r\000i\000f\000i\000c\000a\000c\000i\000\363\000n}{section*.23}% 38
\BOOKMARK [3][-]{section*.42}{\376\377\000E\000s\000t\000r\000a\000t\000e\000g\000i\000a\000\040\000d\000e\000\040\000V\000a\000l\000i\000d\000a\000c\000i\000\363\000n\000\040\000C\000o\000n\000t\000i\000n\000u\000a}{section*.41}% 39
\BOOKMARK [3][-]{section*.43}{\376\377\000V\000e\000r\000i\000f\000i\000c\000a\000c\000i\000\363\000n\000\040\000d\000e\000\040\000C\000a\000l\000i\000d\000a\000d}{section*.41}% 40
\BOOKMARK [3][-]{section*.44}{\376\377\000M\000\351\000t\000r\000i\000c\000a\000s\000\040\000d\000e\000\040\000V\000a\000l\000i\000d\000a\000c\000i\000\363\000n}{section*.41}% 41
\BOOKMARK [1][-]{section*.45}{\376\377\000I\000m\000p\000l\000e\000m\000e\000n\000t\000a\000c\000i\000\363\000n\000\040\000d\000e\000l\000\040\000s\000o\000f\000t\000w\000a\000r\000e}{}% 42
\BOOKMARK [2][-]{section*.46}{\376\377\000A\000r\000q\000u\000i\000t\000e\000c\000t\000u\000r\000a\000\040\000d\000e\000l\000\040\000S\000i\000s\000t\000e\000m\000a}{section*.45}% 43
\BOOKMARK [3][-]{section*.47}{\376\377\000B\000a\000c\000k\000e\000n\000d\000\040\000c\000o\000n\000\040\000S\000p\000r\000i\000n\000g\000\040\000B\000o\000o\000t}{section*.46}% 44
\BOOKMARK [3][-]{section*.48}{\376\377\000F\000r\000o\000n\000t\000e\000n\000d\000\040\000W\000e\000b\000\040\000c\000o\000n\000\040\000N\000e\000x\000t\000.\000j\000s\000\040\000y\000\040\000T\000a\000i\000l\000w\000i\000n\000d\000\040\000C\000S\000S}{section*.46}% 45
\BOOKMARK [3][-]{section*.49}{\376\377\000A\000p\000l\000i\000c\000a\000c\000i\000\363\000n\000\040\000M\000\363\000v\000i\000l\000\040\000c\000o\000n\000\040\000R\000e\000a\000c\000t\000\040\000N\000a\000t\000i\000v\000e}{section*.46}% 46
\BOOKMARK [3][-]{section*.50}{\376\377\000B\000a\000s\000e\000\040\000d\000e\000\040\000D\000a\000t\000o\000s\000\040\000M\000y\000S\000Q\000L}{section*.46}% 47
\BOOKMARK [3][-]{section*.51}{\376\377\000A\000P\000I\000s\000\040\000R\000E\000S\000T\000\040\000y\000\040\000C\000o\000m\000u\000n\000i\000c\000a\000c\000i\000\363\000n}{section*.46}% 48
\BOOKMARK [2][-]{section*.52}{\376\377\000A\000l\000g\000o\000r\000i\000t\000m\000o\000s\000\040\000d\000e\000\040\000G\000e\000n\000e\000r\000a\000c\000i\000\363\000n\000\040\000d\000e\000\040\000H\000o\000r\000a\000r\000i\000o\000s}{section*.45}% 49
\BOOKMARK [3][-]{section*.53}{\376\377\000A\000l\000g\000o\000r\000i\000t\000m\000o\000\040\000P\000r\000i\000n\000c\000i\000p\000a\000l}{section*.52}% 50
\BOOKMARK [3][-]{section*.54}{\376\377\000R\000e\000s\000t\000r\000i\000c\000c\000i\000o\000n\000e\000s\000\040\000C\000o\000n\000s\000i\000d\000e\000r\000a\000d\000a\000s}{section*.52}% 51
\BOOKMARK [3][-]{section*.55}{\376\377\000O\000p\000t\000i\000m\000i\000z\000a\000c\000i\000\363\000n\000\040\000d\000e\000\040\000R\000e\000n\000d\000i\000m\000i\000e\000n\000t\000o}{section*.52}% 52
\BOOKMARK [2][-]{section*.56}{\376\377\000P\000r\000\341\000c\000t\000i\000c\000a\000s\000\040\000d\000e\000\040\000D\000e\000s\000a\000r\000r\000o\000l\000l\000o\000\040\000y\000\040\000C\000a\000l\000i\000d\000a\000d}{section*.45}% 53
\BOOKMARK [3][-]{section*.57}{\376\377\000C\000o\000n\000t\000r\000o\000l\000\040\000d\000e\000\040\000V\000e\000r\000s\000i\000o\000n\000e\000s}{section*.56}% 54
\BOOKMARK [3][-]{section*.58}{\376\377\000P\000r\000u\000e\000b\000a\000s\000\040\000A\000u\000t\000o\000m\000a\000t\000i\000z\000a\000d\000a\000s}{section*.56}% 55
\BOOKMARK [3][-]{section*.59}{\376\377\000C\000a\000l\000i\000d\000a\000d\000\040\000d\000e\000\040\000C\000\363\000d\000i\000g\000o}{section*.56}% 56
\BOOKMARK [3][-]{section*.60}{\376\377\000I\000n\000t\000e\000g\000r\000a\000c\000i\000\363\000n\000\040\000C\000o\000n\000t\000i\000n\000u\000a}{section*.56}% 57
\BOOKMARK [2][-]{section*.61}{\376\377\000C\000o\000n\000t\000e\000n\000e\000r\000i\000z\000a\000c\000i\000\363\000n\000\040\000y\000\040\000D\000e\000s\000p\000l\000i\000e\000g\000u\000e}{section*.45}% 58
\BOOKMARK [3][-]{section*.62}{\376\377\000D\000o\000c\000k\000e\000r\000\040\000C\000o\000n\000f\000i\000g\000u\000r\000a\000t\000i\000o\000n}{section*.61}% 59
\BOOKMARK [3][-]{section*.63}{\376\377\000D\000o\000c\000k\000e\000r\000\040\000C\000o\000m\000p\000o\000s\000e}{section*.61}% 60
\BOOKMARK [3][-]{section*.64}{\376\377\000D\000e\000s\000p\000l\000i\000e\000g\000u\000e\000\040\000e\000n\000\040\000P\000r\000o\000d\000u\000c\000c\000i\000\363\000n}{section*.61}% 61
\BOOKMARK [2][-]{section*.65}{\376\377\000C\000o\000m\000p\000a\000r\000a\000c\000i\000\363\000n\000\040\000d\000e\000\040\000t\000e\000c\000n\000o\000l\000o\000g\000\355\000a\000s}{section*.45}% 62
\BOOKMARK [2][-]{section*.66}{\376\377\000D\000e\000t\000a\000l\000l\000e\000s\000\040\000d\000e\000\040\000I\000m\000p\000l\000e\000m\000e\000n\000t\000a\000c\000i\000\363\000n\000\040\000T\000\351\000c\000n\000i\000c\000a}{section*.45}% 63
\BOOKMARK [3][-]{section*.67}{\376\377\000P\000a\000t\000r\000o\000n\000e\000s\000\040\000d\000e\000\040\000D\000i\000s\000e\000\361\000o\000\040\000I\000m\000p\000l\000e\000m\000e\000n\000t\000a\000d\000o\000s}{section*.66}% 64
\BOOKMARK [3][-]{section*.68}{\376\377\000G\000e\000s\000t\000i\000\363\000n\000\040\000d\000e\000\040\000E\000s\000t\000a\000d\000o\000\040\000y\000\040\000C\000o\000n\000c\000u\000r\000r\000e\000n\000c\000i\000a}{section*.66}% 65
\BOOKMARK [3][-]{section*.69}{\376\377\000S\000e\000g\000u\000r\000i\000d\000a\000d\000\040\000I\000m\000p\000l\000e\000m\000e\000n\000t\000a\000d\000a}{section*.66}% 66
\BOOKMARK [3][-]{section*.70}{\376\377\000I\000n\000t\000e\000g\000r\000a\000c\000i\000\363\000n\000\040\000y\000\040\000A\000P\000I\000s}{section*.66}% 67
\BOOKMARK [3][-]{section*.71}{\376\377\000I\000n\000t\000e\000r\000n\000a\000c\000i\000o\000n\000a\000l\000i\000z\000a\000c\000i\000\363\000n\000\040\000y\000\040\000L\000o\000c\000a\000l\000i\000z\000a\000c\000i\000\363\000n}{section*.66}% 68
\BOOKMARK [3][-]{section*.72}{\376\377\000L\000o\000g\000g\000i\000n\000g\000\040\000y\000\040\000M\000o\000n\000i\000t\000o\000r\000e\000o}{section*.66}% 69
\BOOKMARK [1][-]{section*.73}{\376\377\000E\000v\000a\000l\000u\000a\000c\000i\000\363\000n\000\040\000y\000\040\000r\000e\000s\000u\000l\000t\000a\000d\000o\000s}{}% 70
\BOOKMARK [2][-]{section*.74}{\376\377\000M\000\351\000t\000r\000i\000c\000a\000s\000\040\000d\000e\000\040\000R\000e\000n\000d\000i\000m\000i\000e\000n\000t\000o\000\040\000d\000e\000l\000\040\000S\000i\000s\000t\000e\000m\000a}{section*.73}% 71
\BOOKMARK [2][-]{section*.75}{\376\377\000C\000u\000m\000p\000l\000i\000m\000i\000e\000n\000t\000o\000\040\000d\000e\000\040\000R\000e\000q\000u\000e\000r\000i\000m\000i\000e\000n\000t\000o\000s\000\040\000F\000u\000n\000c\000i\000o\000n\000a\000l\000e\000s}{section*.73}% 72
\BOOKMARK [3][-]{section*.76}{\376\377\000R\000F\0001\000\040\000-\000\040\000I\000n\000i\000c\000i\000o\000\040\000d\000e\000\040\000S\000e\000s\000i\000\363\000n}{section*.75}% 73
\BOOKMARK [3][-]{section*.77}{\376\377\000R\000F\0002\000\040\000-\000\040\000V\000i\000s\000u\000a\000l\000i\000z\000a\000c\000i\000\363\000n\000\040\000d\000e\000\040\000H\000o\000r\000a\000r\000i\000o\000s}{section*.75}% 74
\BOOKMARK [3][-]{section*.78}{\376\377\000R\000F\0003\000\040\000-\000\040\000G\000e\000s\000t\000i\000\363\000n\000\040\000d\000e\000\040\000M\000a\000e\000s\000t\000r\000o\000s}{section*.75}% 75
\BOOKMARK [3][-]{section*.79}{\376\377\000R\000F\0004\000\040\000-\000\040\000G\000e\000s\000t\000i\000\363\000n\000\040\000d\000e\000\040\000C\000u\000r\000s\000o\000s}{section*.75}% 76
\BOOKMARK [3][-]{section*.80}{\376\377\000R\000F\0005\000\040\000-\000\040\000G\000e\000s\000t\000i\000\363\000n\000\040\000d\000e\000\040\000A\000s\000i\000g\000n\000a\000t\000u\000r\000a\000s}{section*.75}% 77
\BOOKMARK [3][-]{section*.81}{\376\377\000R\000F\0006\000\040\000-\000\040\000G\000e\000s\000t\000i\000\363\000n\000\040\000d\000e\000\040\000H\000o\000r\000a\000r\000i\000o\000s}{section*.75}% 78
\BOOKMARK [2][-]{section*.82}{\376\377\000C\000u\000m\000p\000l\000i\000m\000i\000e\000n\000t\000o\000\040\000d\000e\000\040\000R\000e\000q\000u\000e\000r\000i\000m\000i\000e\000n\000t\000o\000s\000\040\000N\000o\000\040\000F\000u\000n\000c\000i\000o\000n\000a\000l\000e\000s}{section*.73}% 79
\BOOKMARK [3][-]{section*.83}{\376\377\000R\000N\000F\0001\000\040\000-\000\040\000S\000e\000g\000u\000r\000i\000d\000a\000d}{section*.82}% 80
\BOOKMARK [3][-]{section*.84}{\376\377\000R\000N\000F\0002\000\040\000-\000\040\000R\000e\000n\000d\000i\000m\000i\000e\000n\000t\000o}{section*.82}% 81
\BOOKMARK [3][-]{section*.85}{\376\377\000R\000N\000F\0003\000\040\000-\000\040\000U\000s\000a\000b\000i\000l\000i\000d\000a\000d}{section*.82}% 82
\BOOKMARK [3][-]{section*.86}{\376\377\000R\000N\000F\0004\000\040\000-\000\040\000C\000o\000m\000p\000a\000t\000i\000b\000i\000l\000i\000d\000a\000d}{section*.82}% 83
\BOOKMARK [3][-]{section*.87}{\376\377\000R\000N\000F\0005\000\040\000-\000\040\000M\000a\000n\000t\000e\000n\000i\000b\000i\000l\000i\000d\000a\000d}{section*.82}% 84
\BOOKMARK [3][-]{section*.88}{\376\377\000R\000N\000F\0006\000\040\000-\000\040\000E\000s\000c\000a\000l\000a\000b\000i\000l\000i\000d\000a\000d}{section*.82}% 85
\BOOKMARK [2][-]{section*.89}{\376\377\000E\000v\000a\000l\000u\000a\000c\000i\000\363\000n\000\040\000d\000e\000\040\000C\000a\000l\000i\000d\000a\000d\000\040\000y\000\040\000P\000r\000u\000e\000b\000a\000s}{section*.73}% 86
\BOOKMARK [3][-]{section*.90}{\376\377\000C\000o\000b\000e\000r\000t\000u\000r\000a\000\040\000d\000e\000\040\000P\000r\000u\000e\000b\000a\000s}{section*.89}% 87
\BOOKMARK [3][-]{section*.91}{\376\377\000M\000\351\000t\000r\000i\000c\000a\000s\000\040\000d\000e\000\040\000C\000a\000l\000i\000d\000a\000d\000\040\000d\000e\000\040\000C\000\363\000d\000i\000g\000o}{section*.89}% 88
\BOOKMARK [2][-]{section*.92}{\376\377\000V\000a\000l\000i\000d\000a\000c\000i\000\363\000n\000\040\000c\000o\000n\000\040\000U\000s\000u\000a\000r\000i\000o\000s}{section*.73}% 89
\BOOKMARK [2][-]{section*.93}{\376\377\000I\000m\000p\000a\000c\000t\000o\000\040\000y\000\040\000V\000i\000a\000b\000i\000l\000i\000d\000a\000d\000\040\000T\000\351\000c\000n\000i\000c\000a}{section*.73}% 90
\BOOKMARK [2][-]{section*.94}{\376\377\000A\000n\000\341\000l\000i\000s\000i\000s\000\040\000C\000o\000m\000p\000a\000r\000a\000t\000i\000v\000o\000\040\000c\000o\000n\000\040\000S\000o\000l\000u\000c\000i\000o\000n\000e\000s\000\040\000E\000x\000i\000s\000t\000e\000n\000t\000e\000s}{section*.73}% 91
\BOOKMARK [3][-]{section*.95}{\376\377\000C\000o\000m\000p\000a\000r\000a\000c\000i\000\363\000n\000\040\000c\000o\000n\000\040\000S\000i\000s\000t\000e\000m\000a\000s\000\040\000T\000r\000a\000d\000i\000c\000i\000o\000n\000a\000l\000e\000s}{section*.94}% 92
\BOOKMARK [3][-]{section*.96}{\376\377\000C\000o\000m\000p\000a\000r\000a\000c\000i\000\363\000n\000\040\000c\000o\000n\000\040\000S\000o\000l\000u\000c\000i\000o\000n\000e\000s\000\040\000C\000o\000m\000e\000r\000c\000i\000a\000l\000e\000s}{section*.94}% 93
\BOOKMARK [3][-]{section*.97}{\376\377\000M\000\351\000t\000r\000i\000c\000a\000s\000\040\000d\000e\000\040\000E\000f\000i\000c\000i\000e\000n\000c\000i\000a\000\040\000O\000p\000e\000r\000a\000t\000i\000v\000a}{section*.94}% 94
\BOOKMARK [2][-]{section*.98}{\376\377\000V\000a\000l\000i\000d\000a\000c\000i\000\363\000n\000\040\000d\000e\000\040\000A\000r\000q\000u\000i\000t\000e\000c\000t\000u\000r\000a\000\040\000T\000\351\000c\000n\000i\000c\000a}{section*.73}% 95
\BOOKMARK [3][-]{section*.99}{\376\377\000E\000s\000c\000a\000l\000a\000b\000i\000l\000i\000d\000a\000d\000\040\000D\000e\000m\000o\000s\000t\000r\000a\000d\000a}{section*.98}% 96
\BOOKMARK [3][-]{section*.100}{\376\377\000R\000o\000b\000u\000s\000t\000e\000z\000\040\000d\000e\000\040\000l\000a\000\040\000I\000m\000p\000l\000e\000m\000e\000n\000t\000a\000c\000i\000\363\000n}{section*.98}% 97
\BOOKMARK [2][-]{section*.101}{\376\377\000I\000m\000p\000a\000c\000t\000o\000\040\000e\000n\000\040\000U\000s\000u\000a\000r\000i\000o\000s\000\040\000F\000i\000n\000a\000l\000e\000s}{section*.73}% 98
\BOOKMARK [3][-]{section*.102}{\376\377\000S\000a\000t\000i\000s\000f\000a\000c\000c\000i\000\363\000n\000\040\000y\000\040\000U\000s\000a\000b\000i\000l\000i\000d\000a\000d}{section*.101}% 99
\BOOKMARK [3][-]{section*.103}{\376\377\000C\000a\000s\000o\000s\000\040\000d\000e\000\040\000U\000s\000o\000\040\000V\000a\000l\000i\000d\000a\000d\000o\000s}{section*.101}% 100
\BOOKMARK [1][-]{section*.104}{\376\377\000D\000i\000s\000c\000u\000s\000i\000\363\000n}{}% 101
\BOOKMARK [2][-]{section*.105}{\376\377\000A\000n\000\341\000l\000i\000s\000i\000s\000\040\000d\000e\000\040\000F\000o\000r\000t\000a\000l\000e\000z\000a\000s\000\040\000T\000\351\000c\000n\000i\000c\000a\000s}{section*.104}% 102
\BOOKMARK [3][-]{section*.106}{\376\377\000S\000t\000a\000c\000k\000\040\000T\000e\000c\000n\000o\000l\000\363\000g\000i\000c\000o\000\040\000y\000\040\000R\000e\000n\000d\000i\000m\000i\000e\000n\000t\000o}{section*.105}% 103
\BOOKMARK [3][-]{section*.107}{\376\377\000A\000l\000g\000o\000r\000i\000t\000m\000o\000s\000\040\000d\000e\000\040\000G\000e\000n\000e\000r\000a\000c\000i\000\363\000n\000\040\000d\000e\000\040\000H\000o\000r\000a\000r\000i\000o\000s}{section*.105}% 104
\BOOKMARK [3][-]{section*.108}{\376\377\000E\000n\000f\000o\000q\000u\000e\000\040\000M\000u\000l\000t\000i\000p\000l\000a\000t\000a\000f\000o\000r\000m\000a}{section*.105}% 105
\BOOKMARK [2][-]{section*.109}{\376\377\000L\000i\000m\000i\000t\000a\000c\000i\000o\000n\000e\000s\000\040\000y\000\040\000\301\000r\000e\000a\000s\000\040\000d\000e\000\040\000M\000e\000j\000o\000r\000a}{section*.104}% 106
\BOOKMARK [3][-]{section*.110}{\376\377\000E\000s\000c\000a\000l\000a\000b\000i\000l\000i\000d\000a\000d\000\040\000y\000\040\000C\000o\000m\000p\000l\000e\000j\000i\000d\000a\000d\000\040\000A\000l\000g\000o\000r\000\355\000t\000m\000i\000c\000a}{section*.109}% 107
\BOOKMARK [3][-]{section*.111}{\376\377\000C\000o\000b\000e\000r\000t\000u\000r\000a\000\040\000M\000\363\000v\000i\000l\000\040\000L\000i\000m\000i\000t\000a\000d\000a}{section*.109}% 108
\BOOKMARK [3][-]{section*.112}{\376\377\000A\000l\000g\000o\000r\000i\000t\000m\000o\000s\000\040\000d\000e\000\040\000O\000p\000t\000i\000m\000i\000z\000a\000c\000i\000\363\000n\000\040\000A\000v\000a\000n\000z\000a\000d\000a}{section*.109}% 109
\BOOKMARK [3][-]{section*.113}{\376\377\000I\000n\000t\000e\000g\000r\000a\000c\000i\000\363\000n\000\040\000c\000o\000n\000\040\000S\000i\000s\000t\000e\000m\000a\000s\000\040\000E\000x\000i\000s\000t\000e\000n\000t\000e\000s}{section*.109}% 110
\BOOKMARK [2][-]{section*.114}{\376\377\000C\000o\000m\000p\000a\000r\000a\000c\000i\000\363\000n\000\040\000c\000o\000n\000\040\000S\000o\000l\000u\000c\000i\000o\000n\000e\000s\000\040\000E\000x\000i\000s\000t\000e\000n\000t\000e\000s}{section*.104}% 111
\BOOKMARK [2][-]{section*.115}{\376\377\000I\000m\000p\000l\000i\000c\000a\000c\000i\000o\000n\000e\000s\000\040\000p\000a\000r\000a\000\040\000l\000a\000\040\000G\000e\000s\000t\000i\000\363\000n\000\040\000A\000c\000a\000d\000\351\000m\000i\000c\000a\000\040\000C\000o\000l\000o\000m\000b\000i\000a\000n\000a}{section*.104}% 112
\BOOKMARK [3][-]{section*.116}{\376\377\000E\000f\000i\000c\000i\000e\000n\000c\000i\000a\000\040\000O\000p\000e\000r\000a\000t\000i\000v\000a}{section*.115}% 113
\BOOKMARK [3][-]{section*.117}{\376\377\000A\000c\000c\000e\000s\000i\000b\000i\000l\000i\000d\000a\000d\000\040\000y\000\040\000D\000e\000m\000o\000c\000r\000a\000t\000i\000z\000a\000c\000i\000\363\000n}{section*.115}% 114
\BOOKMARK [3][-]{section*.118}{\376\377\000A\000d\000a\000p\000t\000a\000b\000i\000l\000i\000d\000a\000d\000\040\000C\000u\000l\000t\000u\000r\000a\000l}{section*.115}% 115
\BOOKMARK [2][-]{section*.119}{\376\377\000C\000o\000n\000s\000i\000d\000e\000r\000a\000c\000i\000o\000n\000e\000s\000\040\000d\000e\000\040\000S\000e\000g\000u\000r\000i\000d\000a\000d\000\040\000y\000\040\000P\000r\000i\000v\000a\000c\000i\000d\000a\000d}{section*.104}% 116
\BOOKMARK [2][-]{section*.120}{\376\377\000C\000o\000n\000t\000r\000i\000b\000u\000c\000i\000o\000n\000e\000s\000\040\000a\000\040\000l\000a\000\040\000L\000i\000t\000e\000r\000a\000t\000u\000r\000a}{section*.104}% 117
\BOOKMARK [2][-]{section*.121}{\376\377\000L\000i\000m\000i\000t\000a\000c\000i\000o\000n\000e\000s\000\040\000M\000e\000t\000o\000d\000o\000l\000\363\000g\000i\000c\000a\000s\000\040\000y\000\040\000\301\000r\000e\000a\000s\000\040\000d\000e\000\040\000I\000n\000v\000e\000s\000t\000i\000g\000a\000c\000i\000\363\000n\000\040\000F\000u\000t\000u\000r\000a}{section*.104}% 118
\BOOKMARK [3][-]{section*.122}{\376\377\000L\000i\000m\000i\000t\000a\000c\000i\000o\000n\000e\000s\000\040\000d\000e\000l\000\040\000E\000s\000t\000u\000d\000i\000o}{section*.121}% 119
\BOOKMARK [3][-]{section*.123}{\376\377\000L\000i\000m\000i\000t\000a\000c\000i\000o\000n\000e\000s\000\040\000A\000l\000g\000o\000r\000\355\000t\000m\000i\000c\000a\000s}{section*.121}% 120
\BOOKMARK [3][-]{section*.124}{\376\377\000L\000i\000m\000i\000t\000a\000c\000i\000o\000n\000e\000s\000\040\000d\000e\000\040\000E\000v\000a\000l\000u\000a\000c\000i\000\363\000n}{section*.121}% 121
\BOOKMARK [3][-]{section*.125}{\376\377\000L\000i\000m\000i\000t\000a\000c\000i\000o\000n\000e\000s\000\040\000T\000\351\000c\000n\000i\000c\000a\000s}{section*.121}% 122
\BOOKMARK [2][-]{section*.126}{\376\377\000R\000e\000c\000o\000m\000e\000n\000d\000a\000c\000i\000o\000n\000e\000s\000\040\000p\000a\000r\000a\000\040\000I\000m\000p\000l\000e\000m\000e\000n\000t\000a\000c\000i\000\363\000n}{section*.104}% 123
\BOOKMARK [1][-]{section*.127}{\376\377\000C\000o\000n\000c\000l\000u\000s\000i\000o\000n\000e\000s\000\040\000y\000\040\000t\000r\000a\000b\000a\000j\000o\000\040\000f\000u\000t\000u\000r\000o}{}% 124
\BOOKMARK [2][-]{section*.128}{\376\377\000L\000o\000g\000r\000o\000s\000\040\000P\000r\000i\000n\000c\000i\000p\000a\000l\000e\000s}{section*.127}% 125
\BOOKMARK [3][-]{section*.129}{\376\377\000V\000a\000l\000i\000d\000a\000c\000i\000\363\000n\000\040\000T\000\351\000c\000n\000i\000c\000a}{section*.128}% 126
\BOOKMARK [3][-]{section*.130}{\376\377\000C\000o\000n\000t\000r\000i\000b\000u\000c\000i\000\363\000n\000\040\000a\000\040\000l\000a\000\040\000G\000e\000s\000t\000i\000\363\000n\000\040\000A\000c\000a\000d\000\351\000m\000i\000c\000a}{section*.128}% 127
\BOOKMARK [3][-]{section*.131}{\376\377\000I\000m\000p\000a\000c\000t\000o\000\040\000e\000n\000\040\000e\000l\000\040\000D\000e\000s\000a\000r\000r\000o\000l\000l\000o\000\040\000d\000e\000\040\000S\000o\000f\000t\000w\000a\000r\000e\000\040\000E\000d\000u\000c\000a\000t\000i\000v\000o}{section*.128}% 128
\BOOKMARK [2][-]{section*.132}{\376\377\000L\000e\000c\000c\000i\000o\000n\000e\000s\000\040\000A\000p\000r\000e\000n\000d\000i\000d\000a\000s}{section*.127}% 129
\BOOKMARK [3][-]{section*.133}{\376\377\000D\000i\000s\000e\000\361\000o\000\040\000A\000r\000q\000u\000i\000t\000e\000c\000t\000\363\000n\000i\000c\000o}{section*.132}% 130
\BOOKMARK [3][-]{section*.134}{\376\377\000D\000e\000s\000a\000r\000r\000o\000l\000l\000o\000\040\000M\000u\000l\000t\000i\000p\000l\000a\000t\000a\000f\000o\000r\000m\000a}{section*.132}% 131
\BOOKMARK [3][-]{section*.135}{\376\377\000A\000l\000g\000o\000r\000i\000t\000m\000o\000s\000\040\000y\000\040\000O\000p\000t\000i\000m\000i\000z\000a\000c\000i\000\363\000n}{section*.132}% 132
\BOOKMARK [2][-]{section*.136}{\376\377\000L\000i\000m\000i\000t\000a\000c\000i\000o\000n\000e\000s\000\040\000I\000d\000e\000n\000t\000i\000f\000i\000c\000a\000d\000a\000s}{section*.127}% 133
\BOOKMARK [2][-]{section*.137}{\376\377\000T\000r\000a\000b\000a\000j\000o\000\040\000F\000u\000t\000u\000r\000o}{section*.127}% 134
\BOOKMARK [3][-]{section*.138}{\376\377\000C\000o\000r\000t\000o\000\040\000P\000l\000a\000z\000o\000\040\000\050\0003\000-\0006\000\040\000m\000e\000s\000e\000s\000\051}{section*.137}% 135
\BOOKMARK [3][-]{section*.139}{\376\377\000M\000e\000d\000i\000o\000\040\000P\000l\000a\000z\000o\000\040\000\050\0006\000-\0001\0002\000\040\000m\000e\000s\000e\000s\000\051}{section*.137}% 136
\BOOKMARK [3][-]{section*.140}{\376\377\000L\000a\000r\000g\000o\000\040\000P\000l\000a\000z\000o\000\040\000\050\0001\000-\0002\000\040\000a\000\361\000o\000s\000\051}{section*.137}% 137
\BOOKMARK [2][-]{section*.141}{\376\377\000I\000m\000p\000a\000c\000t\000o\000\040\000E\000s\000p\000e\000r\000a\000d\000o\000\040\000y\000\040\000S\000o\000s\000t\000e\000n\000i\000b\000i\000l\000i\000d\000a\000d}{section*.127}% 138
\BOOKMARK [2][-]{section*.142}{\376\377\000R\000e\000c\000o\000m\000e\000n\000d\000a\000c\000i\000o\000n\000e\000s\000\040\000p\000a\000r\000a\000\040\000A\000d\000o\000p\000c\000i\000\363\000n}{section*.127}% 139
\BOOKMARK [2][-]{section*.143}{\376\377\000I\000m\000p\000l\000i\000c\000a\000c\000i\000o\000n\000e\000s\000\040\000p\000a\000r\000a\000\040\000e\000l\000\040\000D\000e\000s\000a\000r\000r\000o\000l\000l\000o\000\040\000T\000e\000c\000n\000o\000l\000\363\000g\000i\000c\000o\000\040\000e\000n\000\040\000C\000o\000l\000o\000m\000b\000i\000a}{section*.127}% 140
\BOOKMARK [2][-]{section*.144}{\376\377\000C\000o\000n\000t\000r\000i\000b\000u\000c\000i\000o\000n\000e\000s\000\040\000A\000c\000a\000d\000\351\000m\000i\000c\000a\000s}{section*.127}% 141
\BOOKMARK [2][-]{section*.145}{\376\377\000L\000e\000c\000c\000i\000o\000n\000e\000s\000\040\000p\000a\000r\000a\000\040\000l\000a\000\040\000C\000o\000m\000u\000n\000i\000d\000a\000d\000\040\000d\000e\000\040\000D\000e\000s\000a\000r\000r\000o\000l\000l\000o}{section*.127}% 142
\BOOKMARK [2][-]{section*.158}{\376\377\000A\000p\000l\000i\000c\000a\000c\000i\000\363\000n\000\040\000W\000e\000b\000\040\000\050\000N\000e\000x\000t\000.\000j\000s\000\051}{section*.127}% 143
\BOOKMARK [2][-]{section*.159}{\376\377\000S\000e\000r\000v\000i\000d\000o\000r\000\040\000B\000a\000c\000k\000e\000n\000d\000\040\000\050\000S\000p\000r\000i\000n\000g\000\040\000B\000o\000o\000t\000\051}{section*.127}% 144
\BOOKMARK [2][-]{section*.160}{\376\377\000A\000p\000l\000i\000c\000a\000c\000i\000\363\000n\000\040\000M\000\363\000v\000i\000l\000\040\000\050\000R\000e\000a\000c\000t\000\040\000N\000a\000t\000i\000v\000e\000\051}{section*.127}% 145
\BOOKMARK [2][-]{section*.161}{\376\377\000B\000a\000s\000e\000\040\000d\000e\000\040\000D\000a\000t\000o\000s\000\040\000\050\000M\000y\000S\000Q\000L\000\051}{section*.127}% 146
\BOOKMARK [2][-]{section*.162}{\376\377\000I\000n\000f\000r\000a\000e\000s\000t\000r\000u\000c\000t\000u\000r\000a\000\040\000d\000e\000\040\000D\000e\000s\000p\000l\000i\000e\000g\000u\000e}{section*.127}% 147
\BOOKMARK [2][-]{section*.163}{\376\377\000A\000l\000g\000o\000r\000i\000t\000m\000o\000\040\000P\000r\000i\000n\000c\000i\000p\000a\000l\000:\000\040\000B\000a\000c\000k\000t\000r\000a\000c\000k\000i\000n\000g\000\040\000c\000o\000n\000\040\000H\000e\000u\000r\000\355\000s\000t\000i\000c\000a\000s}{section*.127}% 148
\BOOKMARK [2][-]{section*.164}{\376\377\000R\000e\000s\000t\000r\000i\000c\000c\000i\000o\000n\000e\000s\000\040\000I\000m\000p\000l\000e\000m\000e\000n\000t\000a\000d\000a\000s}{section*.127}% 149
\BOOKMARK [2][-]{section*.165}{\376\377\000T\000i\000e\000m\000p\000o\000s\000\040\000d\000e\000\040\000R\000e\000s\000p\000u\000e\000s\000t\000a}{section*.127}% 150
\BOOKMARK [2][-]{section*.166}{\376\377\000C\000o\000b\000e\000r\000t\000u\000r\000a\000\040\000d\000e\000\040\000P\000r\000u\000e\000b\000a\000s}{section*.127}% 151
\BOOKMARK [2][-]{section*.167}{\376\377\000C\000a\000s\000o\000\040\000d\000e\000\040\000U\000s\000o\000\040\0001\000:\000\040\000G\000e\000n\000e\000r\000a\000c\000i\000\363\000n\000\040\000d\000e\000\040\000H\000o\000r\000a\000r\000i\000o\000s\000\040\000S\000e\000m\000e\000s\000t\000r\000a\000l\000e\000s}{section*.127}% 152
\BOOKMARK [2][-]{section*.168}{\376\377\000C\000a\000s\000o\000\040\000d\000e\000\040\000U\000s\000o\000\040\0002\000:\000\040\000C\000o\000n\000s\000u\000l\000t\000a\000\040\000M\000\363\000v\000i\000l\000\040\000d\000e\000\040\000H\000o\000r\000a\000r\000i\000o\000s}{section*.127}% 153
\BOOKMARK [2][-]{section*.169}{\376\377\000C\000a\000s\000o\000\040\000d\000e\000\040\000U\000s\000o\000\040\0003\000:\000\040\000G\000e\000s\000t\000i\000\363\000n\000\040\000d\000e\000\040\000C\000o\000n\000f\000l\000i\000c\000t\000o\000s\000\040\000e\000n\000\040\000T\000i\000e\000m\000p\000o\000\040\000R\000e\000a\000l}{section*.127}% 154
\BOOKMARK [2][-]{section*.170}{\376\377\000C\000a\000s\000o\000\040\000d\000e\000\040\000U\000s\000o\000\040\0004\000:\000\040\000R\000e\000p\000o\000r\000t\000e\000s\000\040\000y\000\040\000A\000n\000a\000l\000\355\000t\000i\000c\000a}{section*.127}% 155
\BOOKMARK [2][-]{section*.171}{\376\377\000D\000i\000a\000g\000r\000a\000m\000a\000\040\000d\000e\000\040\000C\000o\000m\000p\000o\000n\000e\000n\000t\000e\000s}{section*.127}% 156
\BOOKMARK [2][-]{section*.173}{\376\377\000D\000i\000a\000g\000r\000a\000m\000a\000\040\000d\000e\000\040\000D\000e\000s\000p\000l\000i\000e\000g\000u\000e}{section*.127}% 157
\BOOKMARK [2][-]{section*.174}{\376\377\000D\000i\000a\000g\000r\000a\000m\000a\000\040\000d\000e\000\040\000S\000e\000c\000u\000e\000n\000c\000i\000a\000\040\000-\000\040\000G\000e\000n\000e\000r\000a\000c\000i\000\363\000n\000\040\000d\000e\000\040\000H\000o\000r\000a\000r\000i\000o\000s}{section*.127}% 158
